
 Start         Length     Name                   Class
 0001:00401000 000AE9BCH .text                   CODE
 0002:004B0000 00000964H .itext                  ICODE
 0003:004B1000 00002940H .data                   DATA
 0004:004B4000 00003670H .bss                    BSS
 0005:00000000 00000034H .tls                    TLS


Detailed map of segments

 0001:00000000 00006001 C=CODE     S=.text    G=(none)   M=System   ACBP=A9
 0001:00006004 00000105 C=CODE     S=.text    G=(none)   M=SysInit  ACBP=A9
 0001:0000610C 00000058 C=CODE     S=.text    G=(none)   M=Types    ACBP=A9
 0001:00006164 00000C68 C=CODE     S=.text    G=(none)   M=Windows  ACBP=A9
 0001:00006DCC 000000A2 C=CODE     S=.text    G=(none)   M=ActiveX  ACBP=A9
 0001:00006E70 00000360 C=CODE     S=.text    G=(none)   M=SysConst ACBP=A9
 0001:000071D0 00007E21 C=CODE     S=.text    G=(none)   M=SysUtils ACBP=A9
 0001:0000EFF4 00000AB2 C=CODE     S=.text    G=(none)   M=VarUtils ACBP=A9
 0001:0000FAA8 000084B0 C=CODE     S=.text    G=(none)   M=Variants ACBP=A9
 0001:00017F58 00000110 C=CODE     S=.text    G=(none)   M=RTLConsts ACBP=A9
 0001:00018068 00001D77 C=CODE     S=.text    G=(none)   M=TypInfo  ACBP=A9
 0001:00019DE0 0000CCF1 C=CODE     S=.text    G=(none)   M=Classes  ACBP=A9
 0001:00026AD4 000002B9 C=CODE     S=.text    G=(none)   M=Contnrs  ACBP=A9
 0001:00026D90 00001100 C=CODE     S=.text    G=(none)   M=HelpIntfs ACBP=A9
 0001:00027E90 00000772 C=CODE     S=.text    G=(none)   M=MultiMon ACBP=A9
 0001:00028604 0000009E C=CODE     S=.text    G=(none)   M=CommCtrl ACBP=A9
 0001:000286A4 00000248 C=CODE     S=.text    G=(none)   M=Consts   ACBP=A9
 0001:000288EC 0000005D C=CODE     S=.text    G=(none)   M=IniFiles ACBP=A9
 0001:0002894C 000005AD C=CODE     S=.text    G=(none)   M=Registry ACBP=A9
 0001:00028EFC 0000901E C=CODE     S=.text    G=(none)   M=Graphics ACBP=A9
 0001:00031F1C 0000016A C=CODE     S=.text    G=(none)   M=SyncObjs ACBP=A9
 0001:00032088 0000099D C=CODE     S=.text    G=(none)   M=UxTheme  ACBP=A9
 0001:00032A28 00004A5F C=CODE     S=.text    G=(none)   M=StdCtrls ACBP=A9
 0001:00037488 0000003A C=CODE     S=.text    G=(none)   M=Printers ACBP=A9
 0001:000374C4 00000D59 C=CODE     S=.text    G=(none)   M=GraphUtil ACBP=A9
 0001:00038220 00000EF6 C=CODE     S=.text    G=(none)   M=ExtCtrls ACBP=A9
 0001:00039118 0000137C C=CODE     S=.text    G=(none)   M=Dialogs  ACBP=A9
 0001:0003A494 0000003A C=CODE     S=.text    G=(none)   M=Clipbrd  ACBP=A9
 0001:0003A4D0 0000012D C=CODE     S=.text    G=(none)   M=StdActns ACBP=A9
 0001:0003A600 0000030E C=CODE     S=.text    G=(none)   M=FlatSB   ACBP=A9
 0001:0003A910 00000AD2 C=CODE     S=.text    G=(none)   M=Themes   ACBP=A9
 0001:0003B3E4 00006A81 C=CODE     S=.text    G=(none)   M=Menus    ACBP=A9
 0001:00041E68 00013780 C=CODE     S=.text    G=(none)   M=Controls ACBP=A9
 0001:000555E8 000016B5 C=CODE     S=.text    G=(none)   M=ImgList  ACBP=A9
 0001:00056CA0 00001332 C=CODE     S=.text    G=(none)   M=ActnList ACBP=A9
 0001:00057FD4 0000DF98 C=CODE     S=.text    G=(none)   M=Forms    ACBP=A9
 0001:00065F6C 00000272 C=CODE     S=.text    G=(none)   M=WideStrUtils ACBP=A9
 0001:000661E0 00001D4A C=CODE     S=.text    G=(none)   M=WideStrings ACBP=A9
 0001:00067F2C 00000258 C=CODE     S=.text    G=(none)   M=DBConsts ACBP=A9
 0001:00068184 00000037 C=CODE     S=.text    G=(none)   M=DateUtils ACBP=A9
 0001:000681BC 00000FB2 C=CODE     S=.text    G=(none)   M=SqlTimSt ACBP=A9
 0001:00069170 000003F2 C=CODE     S=.text    G=(none)   M=Midas    ACBP=A9
 0001:00069564 00005536 C=CODE     S=.text    G=(none)   M=FMTBcd   ACBP=A9
 0001:0006EA9C 00000B22 C=CODE     S=.text    G=(none)   M=MaskUtils ACBP=A9
 0001:0006F5C0 00000020 C=CODE     S=.text    G=(none)   M=ComConst ACBP=A9
 0001:0006F5E0 00001053 C=CODE     S=.text    G=(none)   M=ComObj   ACBP=A9
 0001:00070634 00017175 C=CODE     S=.text    G=(none)   M=DB       ACBP=A9
 0001:000877AC 000044E2 C=CODE     S=.text    G=(none)   M=DBCommon ACBP=A9
 0001:0008BC90 000000B8 C=CODE     S=.text    G=(none)   M=MidConst ACBP=A9
 0001:0008BD48 00000462 C=CODE     S=.text    G=(none)   M=DSIntf   ACBP=A9
 0001:0008C1AC 0000ABED C=CODE     S=.text    G=(none)   M=DBClient ACBP=A9
 0001:00096D9C 0000D04D C=CODE     S=.text    G=(none)   M=Provider ACBP=A9
 0001:000A3DEC 00000076 C=CODE     S=.text    G=(none)   M=BerkeleyDLL ACBP=A9
 0001:000A3E64 00000020 C=CODE     S=.text    G=(none)   M=XMLConst ACBP=A9
 0001:000A3E84 000001B0 C=CODE     S=.text    G=(none)   M=msxml    ACBP=A9
 0001:000A4034 0000755C C=CODE     S=.text    G=(none)   M=msxmldom ACBP=A9
 0001:000AB590 00000540 C=CODE     S=.text    G=(none)   M=xmldom   ACBP=A9
 0001:000ABAD0 00000139 C=CODE     S=.text    G=(none)   M=XMLIntf  ACBP=A9
 0001:000ABC0C 00000778 C=CODE     S=.text    G=(none)   M=XMLSchemaTags ACBP=A9
 0001:000AC384 000002A0 C=CODE     S=.text    G=(none)   M=XMLSchema ACBP=A9
 0001:000AC624 00000160 C=CODE     S=.text    G=(none)   M=XMLDoc   ACBP=A9
 0001:000AC784 000014B4 C=CODE     S=.text    G=(none)   M=ObjectDB ACBP=A9
 0001:000ADC38 0000003A C=CODE     S=.text    G=(none)   M=BerkeleyDB ACBP=A9
 0001:000ADC74 00000A70 C=CODE     S=.text    G=(none)   M=Unit1    ACBP=A9
 0001:000AE6E4 000002D8 C=CODE     S=.text    G=(none)   M=Project1 ACBP=A9
 0002:00000000 00000095 C=ICODE    S=.itext   G=(none)   M=System   ACBP=A9
 0002:00000098 00000011 C=ICODE    S=.itext   G=(none)   M=Windows  ACBP=A9
 0002:000000AC 00000088 C=ICODE    S=.itext   G=(none)   M=SysUtils ACBP=A9
 0002:00000134 0000000F C=ICODE    S=.itext   G=(none)   M=VarUtils ACBP=A9
 0002:00000144 000000AA C=ICODE    S=.itext   G=(none)   M=Variants ACBP=A9
 0002:000001F0 00000008 C=ICODE    S=.itext   G=(none)   M=TypInfo  ACBP=A9
 0002:000001F8 00000092 C=ICODE    S=.itext   G=(none)   M=Classes  ACBP=A9
 0002:0000028C 00000008 C=ICODE    S=.itext   G=(none)   M=HelpIntfs ACBP=A9
 0002:00000294 0000000F C=ICODE    S=.itext   G=(none)   M=MultiMon ACBP=A9
 0002:000002A4 00000008 C=ICODE    S=.itext   G=(none)   M=IniFiles ACBP=A9
 0002:000002AC 00000008 C=ICODE    S=.itext   G=(none)   M=Registry ACBP=A9
 0002:000002B4 000000FB C=ICODE    S=.itext   G=(none)   M=Graphics ACBP=A9
 0002:000003B0 0000001B C=ICODE    S=.itext   G=(none)   M=UxTheme  ACBP=A9
 0002:000003CC 00000008 C=ICODE    S=.itext   G=(none)   M=Printers ACBP=A9
 0002:000003D4 0000007F C=ICODE    S=.itext   G=(none)   M=GraphUtil ACBP=A9
 0002:00000454 00000044 C=ICODE    S=.itext   G=(none)   M=ExtCtrls ACBP=A9
 0002:00000498 0000003D C=ICODE    S=.itext   G=(none)   M=Dialogs  ACBP=A9
 0002:000004D8 00000058 C=ICODE    S=.itext   G=(none)   M=Clipbrd  ACBP=A9
 0002:00000530 0000000F C=ICODE    S=.itext   G=(none)   M=FlatSB   ACBP=A9
 0002:00000540 00000008 C=ICODE    S=.itext   G=(none)   M=Themes   ACBP=A9
 0002:00000548 00000085 C=ICODE    S=.itext   G=(none)   M=Menus    ACBP=A9
 0002:000005D0 0000008F C=ICODE    S=.itext   G=(none)   M=Controls ACBP=A9
 0002:00000660 0000002A C=ICODE    S=.itext   G=(none)   M=ActnList ACBP=A9
 0002:0000068C 0000004C C=ICODE    S=.itext   G=(none)   M=Forms    ACBP=A9
 0002:000006D8 0000000F C=ICODE    S=.itext   G=(none)   M=WideStrings ACBP=A9
 0002:000006E8 0000001B C=ICODE    S=.itext   G=(none)   M=SqlTimSt ACBP=A9
 0002:00000704 0000001B C=ICODE    S=.itext   G=(none)   M=FMTBcd   ACBP=A9
 0002:00000720 00000055 C=ICODE    S=.itext   G=(none)   M=ComObj   ACBP=A9
 0002:00000778 0000008C C=ICODE    S=.itext   G=(none)   M=DB       ACBP=A9
 0002:00000804 00000014 C=ICODE    S=.itext   G=(none)   M=DSIntf   ACBP=A9
 0002:00000818 00000008 C=ICODE    S=.itext   G=(none)   M=DBClient ACBP=A9
 0002:00000820 00000008 C=ICODE    S=.itext   G=(none)   M=Provider ACBP=A9
 0002:00000828 00000025 C=ICODE    S=.itext   G=(none)   M=msxmldom ACBP=A9
 0002:00000850 0000002F C=ICODE    S=.itext   G=(none)   M=xmldom   ACBP=A9
 0002:00000880 00000008 C=ICODE    S=.itext   G=(none)   M=XMLIntf  ACBP=A9
 0002:00000888 00000014 C=ICODE    S=.itext   G=(none)   M=XMLSchemaTags ACBP=A9
 0002:0000089C 00000014 C=ICODE    S=.itext   G=(none)   M=XMLSchema ACBP=A9
 0002:000008B0 00000014 C=ICODE    S=.itext   G=(none)   M=XMLDoc   ACBP=A9
 0002:000008C4 0000004E C=ICODE    S=.itext   G=(none)   M=ObjectDB ACBP=A9
 0002:00000914 00000008 C=ICODE    S=.itext   G=(none)   M=BerkeleyDB ACBP=A9
 0002:0000091C 00000045 C=ICODE    S=.itext   G=(none)   M=Project1 ACBP=A9
 0003:00000000 00000788 C=DATA     S=.data    G=DGROUP   M=System   ACBP=A9
 0003:00000788 00000020 C=DATA     S=.data    G=DGROUP   M=SysInit  ACBP=A9
 0003:000007A8 00000010 C=DATA     S=.data    G=DGROUP   M=ActiveX  ACBP=A9
 0003:000007B8 00000270 C=DATA     S=.data    G=DGROUP   M=SysUtils ACBP=A9
 0003:00000A28 00000110 C=DATA     S=.data    G=DGROUP   M=VarUtils ACBP=A9
 0003:00000B38 0000013E C=DATA     S=.data    G=DGROUP   M=Variants ACBP=A9
 0003:00000C78 0000000C C=DATA     S=.data    G=DGROUP   M=TypInfo  ACBP=A9
 0003:00000C84 00000064 C=DATA     S=.data    G=DGROUP   M=Classes  ACBP=A9
 0003:00000CE8 00000008 C=DATA     S=.data    G=DGROUP   M=IniFiles ACBP=A9
 0003:00000CF0 00000008 C=DATA     S=.data    G=DGROUP   M=Registry ACBP=A9
 0003:00000CF8 0000030C C=DATA     S=.data    G=DGROUP   M=Graphics ACBP=A9
 0003:00001004 00000090 C=DATA     S=.data    G=DGROUP   M=StdCtrls ACBP=A9
 0003:00001094 00000004 C=DATA     S=.data    G=DGROUP   M=Printers ACBP=A9
 0003:00001098 00000450 C=DATA     S=.data    G=DGROUP   M=GraphUtil ACBP=A9
 0003:000014E8 000000B4 C=DATA     S=.data    G=DGROUP   M=Dialogs  ACBP=A9
 0003:0000159C 00000068 C=DATA     S=.data    G=DGROUP   M=Themes   ACBP=A9
 0003:00001604 000000F4 C=DATA     S=.data    G=DGROUP   M=Menus    ACBP=A9
 0003:000016F8 0000013C C=DATA     S=.data    G=DGROUP   M=Controls ACBP=A9
 0003:00001834 00000020 C=DATA     S=.data    G=DGROUP   M=ImgList  ACBP=A9
 0003:00001854 00000128 C=DATA     S=.data    G=DGROUP   M=Forms    ACBP=A9
 0003:0000197C 0000003C C=DATA     S=.data    G=DGROUP   M=SqlTimSt ACBP=A9
 0003:000019B8 00000125 C=DATA     S=.data    G=DGROUP   M=FMTBcd   ACBP=A9
 0003:00001AE0 00000005 C=DATA     S=.data    G=DGROUP   M=MaskUtils ACBP=A9
 0003:00001AE8 00000030 C=DATA     S=.data    G=DGROUP   M=ComObj   ACBP=A9
 0003:00001B18 00000256 C=DATA     S=.data    G=DGROUP   M=DB       ACBP=A9
 0003:00001D70 0000001C C=DATA     S=.data    G=DGROUP   M=DBCommon ACBP=A9
 0003:00001D8C 000000E0 C=DATA     S=.data    G=DGROUP   M=DSIntf   ACBP=A9
 0003:00001E6C 000000F4 C=DATA     S=.data    G=DGROUP   M=DBClient ACBP=A9
 0003:00001F60 00000168 C=DATA     S=.data    G=DGROUP   M=Provider ACBP=A9
 0003:000020C8 00000010 C=DATA     S=.data    G=DGROUP   M=msxml    ACBP=A9
 0003:000020D8 00000064 C=DATA     S=.data    G=DGROUP   M=msxmldom ACBP=A9
 0003:0000213C 00000034 C=DATA     S=.data    G=DGROUP   M=XMLIntf  ACBP=A9
 0003:00002170 000000E4 C=DATA     S=.data    G=DGROUP   M=XMLSchemaTags ACBP=A9
 0003:00002254 0000004C C=DATA     S=.data    G=DGROUP   M=XMLSchema ACBP=A9
 0003:000022A0 0000002C C=DATA     S=.data    G=DGROUP   M=XMLDoc   ACBP=A9
 0004:00000000 000027F4 C=BSS      S=.bss     G=DGROUP   M=System   ACBP=A9
 0004:000027F4 0000000C C=BSS      S=.bss     G=DGROUP   M=SysInit  ACBP=A9
 0004:00002800 00000008 C=BSS      S=.bss     G=DGROUP   M=Windows  ACBP=A9
 0004:00002808 00000A20 C=BSS      S=.bss     G=DGROUP   M=SysUtils ACBP=A9
 0004:00003228 0000005C C=BSS      S=.bss     G=DGROUP   M=VarUtils ACBP=A9
 0004:00003284 00000040 C=BSS      S=.bss     G=DGROUP   M=Variants ACBP=A9
 0004:000032C4 00000004 C=BSS      S=.bss     G=DGROUP   M=TypInfo  ACBP=A9
 0004:000032C8 00000040 C=BSS      S=.bss     G=DGROUP   M=Classes  ACBP=A9
 0004:00003308 00000008 C=BSS      S=.bss     G=DGROUP   M=HelpIntfs ACBP=A9
 0004:00003310 00000031 C=BSS      S=.bss     G=DGROUP   M=MultiMon ACBP=A9
 0004:00003344 00000004 C=BSS      S=.bss     G=DGROUP   M=IniFiles ACBP=A9
 0004:00003348 00000004 C=BSS      S=.bss     G=DGROUP   M=Registry ACBP=A9
 0004:0000334C 00000060 C=BSS      S=.bss     G=DGROUP   M=Graphics ACBP=A9
 0004:000033AC 000000CC C=BSS      S=.bss     G=DGROUP   M=UxTheme  ACBP=A9
 0004:00003478 00000004 C=BSS      S=.bss     G=DGROUP   M=Printers ACBP=A9
 0004:0000347C 00000004 C=BSS      S=.bss     G=DGROUP   M=GraphUtil ACBP=A9
 0004:00003480 00000008 C=BSS      S=.bss     G=DGROUP   M=ExtCtrls ACBP=A9
 0004:00003488 00000038 C=BSS      S=.bss     G=DGROUP   M=Dialogs  ACBP=A9
 0004:000034C0 0000000C C=BSS      S=.bss     G=DGROUP   M=Clipbrd  ACBP=A9
 0004:000034CC 00000034 C=BSS      S=.bss     G=DGROUP   M=FlatSB   ACBP=A9
 0004:00003500 00000008 C=BSS      S=.bss     G=DGROUP   M=Themes   ACBP=A9
 0004:00003508 00000010 C=BSS      S=.bss     G=DGROUP   M=Menus    ACBP=A9
 0004:00003518 00000088 C=BSS      S=.bss     G=DGROUP   M=Controls ACBP=A9
 0004:000035A0 00000008 C=BSS      S=.bss     G=DGROUP   M=ImgList  ACBP=A9
 0004:000035A8 00000004 C=BSS      S=.bss     G=DGROUP   M=ActnList ACBP=A9
 0004:000035AC 00000024 C=BSS      S=.bss     G=DGROUP   M=Forms    ACBP=A9
 0004:000035D0 00000008 C=BSS      S=.bss     G=DGROUP   M=WideStrings ACBP=A9
 0004:000035D8 00000004 C=BSS      S=.bss     G=DGROUP   M=SqlTimSt ACBP=A9
 0004:000035DC 00000004 C=BSS      S=.bss     G=DGROUP   M=FMTBcd   ACBP=A9
 0004:000035E0 00000011 C=BSS      S=.bss     G=DGROUP   M=ComObj   ACBP=A9
 0004:000035F4 0000000C C=BSS      S=.bss     G=DGROUP   M=DB       ACBP=A9
 0004:00003600 00000020 C=BSS      S=.bss     G=DGROUP   M=DSIntf   ACBP=A9
 0004:00003620 00000004 C=BSS      S=.bss     G=DGROUP   M=DBClient ACBP=A9
 0004:00003624 00000008 C=BSS      S=.bss     G=DGROUP   M=Provider ACBP=A9
 0004:0000362C 00000008 C=BSS      S=.bss     G=DGROUP   M=msxmldom ACBP=A9
 0004:00003634 0000000C C=BSS      S=.bss     G=DGROUP   M=xmldom   ACBP=A9
 0004:00003640 00000004 C=BSS      S=.bss     G=DGROUP   M=XMLIntf  ACBP=A9
 0004:00003644 00000004 C=BSS      S=.bss     G=DGROUP   M=XMLSchemaTags ACBP=A9
 0004:00003648 00000008 C=BSS      S=.bss     G=DGROUP   M=XMLSchema ACBP=A9
 0004:00003650 00000004 C=BSS      S=.bss     G=DGROUP   M=XMLDoc   ACBP=A9
 0004:00003654 00000010 C=BSS      S=.bss     G=DGROUP   M=ObjectDB ACBP=A9
 0004:00003664 00000008 C=BSS      S=.bss     G=DGROUP   M=BerkeleyDB ACBP=A9
 0004:0000366C 00000004 C=BSS      S=.bss     G=DGROUP   M=Unit1    ACBP=A9
 0005:00000000 00000008 C=TLS      S=.tls     G=(none)   M=System   ACBP=A9
 0005:00000008 00000008 C=TLS      S=.tls     G=(none)   M=Classes  ACBP=A9
 0005:00000010 00000024 C=TLS      S=.tls     G=(none)   M=GraphUtil ACBP=A9


  Address             Publics by Name

 0001:00006E18       ActiveX.CoCreateInstance
 0001:00006E08       ActiveX.CoInitialize
 0001:00006E10       ActiveX.CoUninitialize
 0001:00006E68       ActiveX.CreateErrorInfo
 0001:00006E60       ActiveX.GetErrorInfo
 0003:000007A8       ActiveX.GUID_NULL
 0001:00006E00       ActiveX.IsEqualGUID
 0001:00006E40       ActiveX.SafeArrayAccessData
 0001:00006E50       ActiveX.SafeArrayCopy
 0001:00006E28       ActiveX.SafeArrayCreate
 0001:00006E30       ActiveX.SafeArrayDestroy
 0001:00006E38       ActiveX.SafeArrayGetUBound
 0001:00006E48       ActiveX.SafeArrayUnaccessData
 0001:00006E58       ActiveX.SetErrorInfo
 0001:00006E20       ActiveX.SysFreeString
 0004:000035A8       ActnList..9
 0001:000570C8       ActnList..TActionLink
 0001:00056CA0       ActnList..TContainedAction
 0001:00056FC0       ActnList..TCustomAction
 0001:00056DC4       ActnList..TCustomActionList
 0001:00056EA4       ActnList..TShortCutList
 0002:00000660       ActnList.ActnList
 0001:00057FA4       ActnList.Finalization
 0001:000577B8       ActnList.TActionLink.IsCaptionLinked
 0001:000577CC       ActnList.TActionLink.IsCheckedLinked
 0001:000577E0       ActnList.TActionLink.IsEnabledLinked
 0001:000577F4       ActnList.TActionLink.IsGroupIndexLinked
 0001:00057808       ActnList.TActionLink.IsHelpContextLinked
 0001:0005781C       ActnList.TActionLink.IsHelpLinked
 0001:00057830       ActnList.TActionLink.IsHintLinked
 0001:00057844       ActnList.TActionLink.IsImageIndexLinked
 0001:00057858       ActnList.TActionLink.IsShortCutLinked
 0001:0005786C       ActnList.TActionLink.IsVisibleLinked
 0001:00057880       ActnList.TActionLink.SetAutoCheck
 0001:00057884       ActnList.TActionLink.SetCaption
 0001:00057888       ActnList.TActionLink.SetChecked
 0001:0005788C       ActnList.TActionLink.SetEnabled
 0001:00057890       ActnList.TActionLink.SetGroupIndex
 0001:00057894       ActnList.TActionLink.SetHelpContext
 0001:00057898       ActnList.TActionLink.SetHelpKeyword
 0001:0005789C       ActnList.TActionLink.SetHelpType
 0001:000578A0       ActnList.TActionLink.SetHint
 0001:000578A4       ActnList.TActionLink.SetImageIndex
 0001:000578A8       ActnList.TActionLink.SetShortCut
 0001:000578AC       ActnList.TActionLink.SetVisible
 0001:00057198       ActnList.TContainedAction.Destroy
 0001:00057304       ActnList.TContainedAction.Execute
 0001:000571CC       ActnList.TContainedAction.GetIndex
 0001:000571E8       ActnList.TContainedAction.GetParentComponent
 0001:000571F8       ActnList.TContainedAction.HasParent
 0001:000571E4       ActnList.TContainedAction.IsCategoryStored
 0001:00057208       ActnList.TContainedAction.ReadState
 0001:000572B0       ActnList.TContainedAction.SetActionList
 0001:00057284       ActnList.TContainedAction.SetCategory
 0001:0005723C       ActnList.TContainedAction.SetIndex
 0001:000572D8       ActnList.TContainedAction.SetParentComponent
 0001:0005735C       ActnList.TContainedAction.Update
 0001:00057954       ActnList.TCustomAction.AssignTo
 0001:000578B0       ActnList.TCustomAction.Create
 0001:00057904       ActnList.TCustomAction.Destroy
 0001:00057E74       ActnList.TCustomAction.DoHint
 0001:00057E9C       ActnList.TCustomAction.Execute
 0001:00057F00       ActnList.TCustomAction.GetSecondaryShortCuts
 0001:00057F28       ActnList.TCustomAction.HandleShortCut
 0001:00057A04       ActnList.TCustomAction.SetCaption
 0001:00057A64       ActnList.TCustomAction.SetChecked
 0001:00057B6C       ActnList.TCustomAction.SetEnabled
 0001:00057C50       ActnList.TCustomAction.SetHelpContext
 0001:00057BE8       ActnList.TCustomAction.SetHelpKeyword
 0001:00057CA8       ActnList.TCustomAction.SetHint
 0001:00057D08       ActnList.TCustomAction.SetImageIndex
 0001:00057E28       ActnList.TCustomAction.SetName
 0001:00057D64       ActnList.TCustomAction.SetShortCut
 0001:00057DC8       ActnList.TCustomAction.SetVisible
 0001:0005758C       ActnList.TCustomActionList.AddAction
 0001:000575C8       ActnList.TCustomActionList.Change
 0001:000573B4       ActnList.TCustomActionList.Create
 0001:00057420       ActnList.TCustomActionList.Destroy
 0001:000576D4       ActnList.TCustomActionList.ExecuteAction
 0001:000574E8       ActnList.TCustomActionList.GetAction
 0001:000574FC       ActnList.TCustomActionList.GetActionCount
 0001:00057470       ActnList.TCustomActionList.GetChildren
 0001:00057538       ActnList.TCustomActionList.ImageListChange
 0001:00057630       ActnList.TCustomActionList.IsShortCut
 0001:00057544       ActnList.TCustomActionList.Notification
 0001:000575AC       ActnList.TCustomActionList.RemoveAction
 0001:000574B8       ActnList.TCustomActionList.SetChildOrder
 0001:00057504       ActnList.TCustomActionList.SetImages
 0001:00057714       ActnList.TCustomActionList.SetState
 0001:000576F4       ActnList.TCustomActionList.UpdateAction
 0001:00057F34       ActnList.TShortCutList.Add
 0001:00057F60       ActnList.TShortCutList.IndexOfShortCut
 0004:00003664       BerkeleyDB..2
 0002:00000914       BerkeleyDB.BerkeleyDB
 0004:00003668       BerkeleyDB.ErrStr
 0001:000ADC38       BerkeleyDB.Finalization
 0001:000A3E4C       BerkeleyDLL._db_create
 0001:000A3E54       BerkeleyDLL._db_env_create
 0001:000A3E5C       BerkeleyDLL._db_strerror
 0004:000032D4       Classes..95
 0001:0001A328       Classes..EBitsError
 0001:0001A218       Classes..EClassNotFound
 0001:0001A3E0       Classes..EComponentError
 0001:0001A05C       Classes..EFCreateError
 0001:0001A110       Classes..EFilerError
 0001:00019FFC       Classes..EFileStreamError
 0001:0001A0B8       Classes..EFOpenError
 0001:0001A498       Classes..EInvalidOperation
 0001:0001A2D0       Classes..EListError
 0001:0001A43C       Classes..EOutOfResources
 0001:0001A168       Classes..EReadError
 0001:0001A274       Classes..EResNotFound
 0001:00019FA0       Classes..EStreamError
 0001:0001A380       Classes..EStringListError
 0001:0001B2CC       Classes..EThread
 0001:0001A1C0       Classes..EWriteError
 0001:0001B5F4       Classes..TBasicAction
 0001:0001B574       Classes..TBasicActionLink
 0001:0001A5B4       Classes..TBits
 0001:0001B0F8       Classes..TClassFinder
 0001:0001A864       Classes..TCollection
 0001:0001A7AC       Classes..TCollectionItem
 0001:0001B414       Classes..TComponent
 0001:0001ADEC       Classes..TCustomMemoryStream
 0001:0001B154       Classes..TFiler
 0001:0001AD64       Classes..TFileStream
 0001:0001ACEC       Classes..THandleStream
 0001:0001C49C       Classes..TIntConst
 0001:0001A6F8       Classes..TInterfacedPersistent
 0001:0001A4F8       Classes..TList
 0001:0001AE68       Classes..TMemoryStream
 0001:0001A938       Classes..TOwnedCollection
 0001:0001A608       Classes..TPersistent
 0001:0001FFD8       Classes..TPropFixup
 0001:00020050       Classes..TPropIntfFixup
 0001:0001B1B8       Classes..TReader
 0001:0001B778       Classes..TRegGroup
 0001:0001B7D0       Classes..TRegGroups
 0001:0001AEE4       Classes..TResourceStream
 0001:0001AC7C       Classes..TStream
 0001:0001B070       Classes..TStreamAdapter
 0001:0001AB64       Classes..TStringList
 0001:0001AA2C       Classes..TStrings
 0001:0001A55C       Classes..TThreadList
 0001:0001B24C       Classes..TWriter
 0001:0001C440       Classes.ActivateClassGroup
 0003:00000C84       Classes.AddDataModule
 0001:000202B0       Classes.AddFinished
 0001:000202E8       Classes.AddNotFinished
 0001:00020E5C       Classes.AddSubComponentsToLoaded
 0001:00026948       Classes.AllocateHWnd
 0001:00023D14       Classes.AncestorIsValid
 0003:00000C94       Classes.ApplicationHandleException
 0003:00000C9C       Classes.ApplicationShowException
 0001:0001C814       Classes.BeginGlobalLoading
 0003:00000CBC       Classes.BlockCode
 0001:0001B73C       Classes.Bounds
 0001:00026884       Classes.CalcJmpOffset
 0001:00020E98       Classes.CheckSubComponents
 0001:000255F4       Classes.CheckSynchronize
 0002:000001F8       Classes.Classes
 0001:0001C204       Classes.ClassNotFound
 0001:0001CAD4       Classes.CollectionsEqual
 0001:00020F78       Classes.ComponentCreated
 0001:00020FF8       Classes.CreateComponent
 0001:000269FC       Classes.DeallocateHWnd
 0001:000255B4       Classes.DoneThreadSynchronization
 0001:0001E088       Classes.DoWrite
 0001:0001C89C       Classes.EndGlobalLoading
 0001:0001BDA4       Classes.Error
 0001:0001FE10       Classes.Error
 0003:00000CAC       Classes.FilerSignature
 0001:00026A24       Classes.Finalization
 0001:00023428       Classes.FindAncestor
 0001:0001C2C4       Classes.FindClass
 0001:000211A8       Classes.FindExistingComponent
 0001:0001C72C       Classes.FindGlobalComponent
 0004:000032E0       Classes.FindGlobalComponentProcs
 0001:0001C5D4       Classes.FindIdentToInt
 0001:0001C558       Classes.FindIntToIdent
 0001:000241A0       Classes.FindMethodName
 0001:000201E4       Classes.FindNestedComponent
 0001:000220F8       Classes.FindUniqueName
 0001:000267F0       Classes.FreeIntConstList
 0001:00026924       Classes.FreeObjectInstance
 0001:0001C270       Classes.GetClass
 0001:00024890       Classes.GetComponentValue
 0001:0001D660       Classes.GetDesigner
 0001:0001C1F8       Classes.GetFieldClassTable
 0004:000032E4       Classes.GlobalFixupList
 0001:00020330       Classes.GlobalFixupReferences
 0005:0000000C       Classes.GlobalLists
 0005:00000008       Classes.GlobalLoaded
 0004:000032C8       Classes.GlobalNameSpace
 0001:0001C3EC       Classes.GroupDescendentsWith
 0001:0002191C       Classes.HandleException
 0001:0001C650       Classes.IdentToInt
 0001:0001C8F8       Classes.InitComponent
 0001:0001C9A0       Classes.InitInheritedComponent
 0001:00025580       Classes.InitThreadSynchronization
 0004:00003300       Classes.InstBlockList
 0004:00003304       Classes.InstFreeList
 0004:000032D8       Classes.IntConstList
 0001:0001C790       Classes.InternalReadComponentRes
 0001:0001C690       Classes.IntToIdent
 0001:0001B764       Classes.InvalidPoint
 0001:00023F20       Classes.IsDefault
 0001:00023D9C       Classes.IsDefaultFloatProp
 0001:00023DF8       Classes.IsDefaultInt64Prop
 0001:000240C4       Classes.IsDefaultInterfaceProp
 0001:0002420C       Classes.IsDefaultMethodProp
 0001:00023F78       Classes.IsDefaultObjectProp
 0001:00023D44       Classes.IsDefaultOrdProp
 0001:00024344       Classes.IsDefaultPropertyValue
 0001:00023E50       Classes.IsDefaultStrProp
 0001:00023FF8       Classes.IsDefaultValue
 0001:000242AC       Classes.IsDefaultVariantProp
 0001:0001C76C       Classes.IsUniqueGlobalComponentName
 0004:000032CC       Classes.IsUniqueGlobalComponentNameProc
 0001:0002688C       Classes.MakeObjectInstance
 0001:0001D26C       Classes.Min
 0001:0002685C       Classes.ModuleUnload
 0003:00000CB0       Classes.NilMethod
 0001:0001D700       Classes.NotifyDesigner
 0001:0001C86C       Classes.NotifyGlobalLoading
 0001:00023EE0       Classes.ObjectAncestorMatch
 0001:00024878       Classes.OwnedBy
 0001:0001B6EC       Classes.Point
 0001:0001BB30       Classes.PointerInModule
 0001:00020650       Classes.PropertyNotFound
 0001:00021A1C       Classes.PropPathError
 0001:00020644       Classes.PropValueError
 0001:0001F600       Classes.RaiseException
 0001:00022CAC       Classes.ReadCustomVariant
 0001:0002062C       Classes.ReadError
 0001:00020F98       Classes.Recover
 0001:0001B714       Classes.Rect
 0004:000032DC       Classes.RegGroups
 0001:0001C2E4       Classes.RegisterClass
 0001:0001C6D4       Classes.RegisterFindGlobalComponentProc
 0001:0001C52C       Classes.RegisterIntegerConsts
 0003:00000C8C       Classes.RemoveDataModule
 0001:000204FC       Classes.RemoveFixupReferences
 0001:000205A8       Classes.RemoveFixups
 0001:00020940       Classes.RemoveGlobalFixup
 0001:000255CC       Classes.ResetSyncEvent
 0001:0001CCC8       Classes.ReturnAddr
 0001:0001E1E8       Classes.ReturnAddr
 0001:00021108       Classes.SetCompName
 0001:0002067C       Classes.SetElementValue
 0001:00021D20       Classes.SetInterfaceReference
 0001:00021C3C       Classes.SetIntIdent
 0001:00021C84       Classes.SetObjectIdent
 0001:00020F10       Classes.SetSubComponentState
 0001:00021CC4       Classes.SetVariantReference
 0001:000227CC       Classes.SkipBinary
 0001:000227FC       Classes.SkipCollection
 0001:000227A4       Classes.SkipList
 0001:0001B704       Classes.SmallPoint
 0001:0001C3A0       Classes.StartClassGroup
 0001:00026864       Classes.StdWndProc
 0001:0001F428       Classes.StringListCompareStrings
 0004:000032D0       Classes.SyncEvent
 0003:00000CB8       Classes.SyncList
 0001:0002625C       Classes.TBasicAction.Change
 0001:000260F0       Classes.TBasicAction.Create
 0001:00026134       Classes.TBasicAction.Destroy
 0001:000261C8       Classes.TBasicAction.Execute
 0001:00026198       Classes.TBasicAction.ExecuteTarget
 0001:00026194       Classes.TBasicAction.HandlesTarget
 0001:0002619C       Classes.TBasicAction.Notification
 0001:00026270       Classes.TBasicAction.RegisterChanges
 0001:000262BC       Classes.TBasicAction.SetActionComponent
 0001:00026200       Classes.TBasicAction.SetOnExecute
 0001:0002627C       Classes.TBasicAction.UnRegisterChanges
 0001:000261E4       Classes.TBasicAction.Update
 0001:000261C4       Classes.TBasicAction.UpdateTarget
 0001:00026040       Classes.TBasicActionLink.AssignClient
 0001:00026078       Classes.TBasicActionLink.Change
 0001:00025FFC       Classes.TBasicActionLink.Create
 0001:00026044       Classes.TBasicActionLink.Destroy
 0001:00026090       Classes.TBasicActionLink.Execute
 0001:000260D8       Classes.TBasicActionLink.IsOnExecuteLinked
 0001:000260AC       Classes.TBasicActionLink.SetAction
 0001:000260DC       Classes.TBasicActionLink.SetOnExecute
 0001:000260E4       Classes.TBasicActionLink.Update
 0001:0001D224       Classes.TBits.Destroy
 0001:0001D254       Classes.TBits.Error
 0001:0001D348       Classes.TBits.GetBit
 0001:0001D360       Classes.TBits.OpenBit
 0001:0001D31C       Classes.TBits.SetBit
 0001:0001D278       Classes.TBits.SetSize
 0001:0001C014       Classes.TClassFinder.Create
 0001:0001C140       Classes.TClassFinder.Destroy
 0001:0001C170       Classes.TClassFinder.GetClass
 0001:0001D9E0       Classes.TCollection.Add
 0001:0001DE14       Classes.TCollection.Added
 0001:0001DA00       Classes.TCollection.Assign
 0001:0001DA98       Classes.TCollection.BeginUpdate
 0001:0001DA9C       Classes.TCollection.Changed
 0001:0001DAAC       Classes.TCollection.Clear
 0001:0001D948       Classes.TCollection.Create
 0001:0001DE18       Classes.TCollection.Deleting
 0001:0001D994       Classes.TCollection.Destroy
 0001:0001DB14       Classes.TCollection.EndUpdate
 0001:0001DB24       Classes.TCollection.GetAttr
 0001:0001DB20       Classes.TCollection.GetAttrCount
 0001:0001DB50       Classes.TCollection.GetCount
 0001:0001DB58       Classes.TCollection.GetItem
 0001:0001DB30       Classes.TCollection.GetItemAttr
 0001:0001DB6C       Classes.TCollection.GetNamePath
 0001:0001DC34       Classes.TCollection.GetPropName
 0001:0001DD50       Classes.TCollection.InsertItem
 0001:0001DE1C       Classes.TCollection.Notify
 0001:0001DDB8       Classes.TCollection.RemoveItem
 0001:0001DE0C       Classes.TCollection.SetItemName
 0001:0001DE10       Classes.TCollection.Update
 0001:0001D7CC       Classes.TCollectionItem.Changed
 0001:0001D764       Classes.TCollectionItem.Create
 0001:0001D79C       Classes.TCollectionItem.Destroy
 0001:0001D808       Classes.TCollectionItem.GetDisplayName
 0001:0001D7F0       Classes.TCollectionItem.GetIndex
 0001:0001D830       Classes.TCollectionItem.GetNamePath
 0001:0001D8E4       Classes.TCollectionItem.GetOwner
 0001:0001D8E8       Classes.TCollectionItem.SetCollection
 0001:0001D910       Classes.TCollectionItem.SetDisplayName
 0001:0001D918       Classes.TCollectionItem.SetIndex
 0001:00025894       Classes.TComponent.BeforeDestruction
 0001:00025DCC       Classes.TComponent.ChangeName
 0001:000257CC       Classes.TComponent.Create
 0001:00025B5C       Classes.TComponent.DefineProperties
 0001:00025818       Classes.TComponent.Destroy
 0001:00025A24       Classes.TComponent.DestroyComponents
 0001:00025A80       Classes.TComponent.Destroying
 0001:00025F08       Classes.TComponent.ExecuteAction
 0001:00025CEC       Classes.TComponent.FindComponent
 0001:000258A0       Classes.TComponent.FreeNotification
 0001:00025BF0       Classes.TComponent.GetChildOwner
 0001:00025BF4       Classes.TComponent.GetChildParent
 0001:00025BE8       Classes.TComponent.GetChildren
 0001:00025DE0       Classes.TComponent.GetComponent
 0001:00025E0C       Classes.TComponent.GetComponentCount
 0001:00025BF8       Classes.TComponent.GetNamePath
 0001:00025C0C       Classes.TComponent.GetOwner
 0001:00025C14       Classes.TComponent.GetParentComponent
 0001:00025BE4       Classes.TComponent.HasParent
 0001:00025934       Classes.TComponent.Insert
 0001:00025988       Classes.TComponent.InsertComponent
 0001:00025FF8       Classes.TComponent.IntfGetComponent
 0001:00025C34       Classes.TComponent.Loaded
 0001:00025AFC       Classes.TComponent.Notification
 0001:00025C40       Classes.TComponent.PaletteCreated
 0001:00025F78       Classes.TComponent.QueryInterface
 0001:000258F4       Classes.TComponent.ReadLeft
 0001:00025C44       Classes.TComponent.ReadState
 0001:00025908       Classes.TComponent.ReadTop
 0001:00025960       Classes.TComponent.Remove
 0001:000259EC       Classes.TComponent.RemoveComponent
 0001:00025AE0       Classes.TComponent.RemoveFreeNotification
 0001:00025ABC       Classes.TComponent.RemoveNotification
 0001:00025F58       Classes.TComponent.SafeCallException
 0001:00025C10       Classes.TComponent.SetChildOrder
 0001:00025E1C       Classes.TComponent.SetComponentIndex
 0001:00025E70       Classes.TComponent.SetDesigning
 0001:00025D3C       Classes.TComponent.SetName
 0001:00025C18       Classes.TComponent.SetParentComponent
 0001:00025EC0       Classes.TComponent.SetReference
 0001:00025F30       Classes.TComponent.UpdateAction
 0001:00025C28       Classes.TComponent.Updated
 0001:00025F70       Classes.TComponent.UpdateRegistry
 0001:00025C1C       Classes.TComponent.Updating
 0001:00025CD4       Classes.TComponent.ValidateContainer
 0001:00025CE8       Classes.TComponent.ValidateInsert
 0001:00025C54       Classes.TComponent.ValidateRename
 0001:0002591C       Classes.TComponent.WriteLeft
 0001:00025C4C       Classes.TComponent.WriteState
 0001:00025928       Classes.TComponent.WriteTop
 0001:00025FB8       Classes.TComponent._AddRef
 0001:00025FD8       Classes.TComponent._Release
 0001:0001FBBC       Classes.TCustomMemoryStream.Read
 0001:0001FBF4       Classes.TCustomMemoryStream.Seek
 0001:0001FBB4       Classes.TCustomMemoryStream.SetPointer
 0001:0001FF64       Classes.TFiler.Create
 0001:0001FFAC       Classes.TFiler.Destroy
 0001:0001FFD4       Classes.TFiler.SetRoot
 0001:0001FA0C       Classes.TFileStream.Create
 0001:0001F9C8       Classes.TFileStream.Create
 0001:0001FB80       Classes.TFileStream.Destroy
 0001:0001F904       Classes.THandleStream.Create
 0001:0001F940       Classes.THandleStream.Read
 0001:0001F960       Classes.THandleStream.Seek
 0001:0001F9A0       Classes.THandleStream.SetSize
 0001:0001F98C       Classes.THandleStream.SetSize
 0001:0001F950       Classes.THandleStream.Write
 0004:000032E8       Classes.ThreadLock
 0001:0001C4F4       Classes.TIntConst.Create
 0001:0001D5A8       Classes.TInterfacedPersistent.AfterConstruction
 0001:0001D638       Classes.TInterfacedPersistent.QueryInterface
 0001:0001D5F8       Classes.TInterfacedPersistent._AddRef
 0001:0001D618       Classes.TInterfacedPersistent._Release
 0001:0001CC18       Classes.TList.Add
 0001:0001CC4C       Classes.TList.Clear
 0001:0001CC64       Classes.TList.Delete
 0001:0001CBF8       Classes.TList.Destroy
 0001:0001CCCC       Classes.TList.Error
 0001:0001CD04       Classes.TList.Error
 0001:0001CD58       Classes.TList.Expand
 0001:0001CD70       Classes.TList.First
 0001:0001CD78       Classes.TList.Get
 0001:0001CDA0       Classes.TList.Grow
 0001:0001CDD4       Classes.TList.IndexOf
 0001:0001CDF4       Classes.TList.Insert
 0001:0001CE60       Classes.TList.Last
 0001:0001CE6C       Classes.TList.Move
 0001:0001D058       Classes.TList.Notify
 0001:0001CF34       Classes.TList.Pack
 0001:0001CEC4       Classes.TList.Put
 0001:0001CF14       Classes.TList.Remove
 0001:0001CFA8       Classes.TList.SetCapacity
 0001:0001CFE4       Classes.TList.SetCount
 0001:0001FC44       Classes.TMemoryStream.Clear
 0001:0001FC18       Classes.TMemoryStream.Destroy
 0001:0001FC5C       Classes.TMemoryStream.LoadFromStream
 0001:0001FCE8       Classes.TMemoryStream.Realloc
 0001:0001FC94       Classes.TMemoryStream.SetCapacity
 0001:0001FCBC       Classes.TMemoryStream.SetSize
 0001:0001FD68       Classes.TMemoryStream.Write
 0001:0001DE40       Classes.TOwnedCollection.Create
 0001:0001DE84       Classes.TOwnedCollection.GetOwner
 0001:0001D404       Classes.TPersistent.Assign
 0001:0001D418       Classes.TPersistent.AssignError
 0001:0001D4E8       Classes.TPersistent.AssignTo
 0001:0001D4F0       Classes.TPersistent.DefineProperties
 0001:0001D3D8       Classes.TPersistent.Destroy
 0001:0001D4F4       Classes.TPersistent.GetNamePath
 0001:0001D5A4       Classes.TPersistent.GetOwner
 0001:000200B0       Classes.TPropFixup.Create
 0001:00020108       Classes.TPropFixup.MakeGlobalReference
 0001:00020150       Classes.TPropFixup.ResolveReference
 0001:00020160       Classes.TPropIntfFixup.ResolveReference
 0001:000206D0       Classes.TReader.CheckValue
 0001:00020730       Classes.TReader.DefineBinaryProperty
 0001:000206F4       Classes.TReader.DefineProperty
 0001:00020694       Classes.TReader.Destroy
 0001:000209BC       Classes.TReader.DoFixupReferences
 0001:00020818       Classes.TReader.EndOfList
 0001:0002082C       Classes.TReader.Error
 0001:00022AF8       Classes.TReader.FindAncestorComponent
 0001:00022BF0       Classes.TReader.FindComponentClass
 0001:000208D8       Classes.TReader.FindMethod
 0001:00020850       Classes.TReader.FindMethodInstance
 0001:00020B00       Classes.TReader.FlushBuffer
 0001:00020B24       Classes.TReader.FreeFixups
 0001:00020B60       Classes.TReader.GetFieldClass
 0001:00020BF8       Classes.TReader.GetPosition
 0001:00020C10       Classes.TReader.NextValue
 0001:00020C20       Classes.TReader.PropertyError
 0001:00020C34       Classes.TReader.Read
 0001:00020CBC       Classes.TReader.ReadBoolean
 0001:00020C80       Classes.TReader.ReadBuffer
 0001:00020CD0       Classes.TReader.ReadChar
 0001:00020D8C       Classes.TReader.ReadCollection
 0001:0002124C       Classes.TReader.ReadComponent
 0001:0002168C       Classes.TReader.ReadCurrency
 0001:0002148C       Classes.TReader.ReadData
 0001:000214FC       Classes.TReader.ReadDataInner
 0001:000216DC       Classes.TReader.ReadDate
 0001:00021604       Classes.TReader.ReadDouble
 0001:000215CC       Classes.TReader.ReadFloat
 0001:00021720       Classes.TReader.ReadIdent
 0001:00021888       Classes.TReader.ReadInt64
 0001:0002181C       Classes.TReader.ReadInteger
 0001:000218CC       Classes.TReader.ReadListBegin
 0001:000218D4       Classes.TReader.ReadListEnd
 0001:000218DC       Classes.TReader.ReadPrefix
 0001:00021A38       Classes.TReader.ReadProperty
 0001:00021DE0       Classes.TReader.ReadPropValue
 0001:00022158       Classes.TReader.ReadRootComponent
 0001:0002248C       Classes.TReader.ReadSet
 0001:00022548       Classes.TReader.ReadSignature
 0001:00021648       Classes.TReader.ReadSingle
 0001:0002256C       Classes.TReader.ReadStr
 0001:000225A8       Classes.TReader.ReadString
 0001:00022748       Classes.TReader.ReadValue
 0001:00022E74       Classes.TReader.ReadVariant
 0001:00020D30       Classes.TReader.ReadWideChar
 0001:00022664       Classes.TReader.ReadWideString
 0001:00022BB0       Classes.TReader.ReferenceName
 0001:00022BC8       Classes.TReader.SetName
 0001:00022C64       Classes.TReader.SkipBytes
 0001:00022A50       Classes.TReader.SkipComponent
 0001:00022A08       Classes.TReader.SkipProperty
 0001:0002275C       Classes.TReader.SkipSetBody
 0001:00022858       Classes.TReader.SkipValue
 0001:0001B828       Classes.TRegGroup.AddClass
 0001:0001B834       Classes.TRegGroup.BestClass
 0001:0001B894       Classes.TRegGroup.BestGroup
 0001:0001B904       Classes.TRegGroup.Create
 0001:0001B960       Classes.TRegGroup.Destroy
 0001:0001B9A0       Classes.TRegGroup.GetClass
 0001:0001BA08       Classes.TRegGroup.InGroup
 0001:0001BA4C       Classes.TRegGroup.RegisterClass
 0001:0001BB0C       Classes.TRegGroup.Registered
 0001:0001BB50       Classes.TRegGroup.UnregisterModuleClasses
 0001:0001BBFC       Classes.TRegGroups.Activate
 0001:0001BC48       Classes.TRegGroups.Create
 0001:0001BCBC       Classes.TRegGroups.Destroy
 0001:0001BD1C       Classes.TRegGroups.FindGroup
 0001:0001BD60       Classes.TRegGroups.GetClass
 0001:0001BE34       Classes.TRegGroups.GroupWith
 0001:0001BF00       Classes.TRegGroups.Lock
 0001:0001BF0C       Classes.TRegGroups.RegisterClass
 0001:0001BF24       Classes.TRegGroups.Registered
 0001:0001BF68       Classes.TRegGroups.StartGroup
 0001:0001BFB8       Classes.TRegGroups.Unlock
 0001:0001BFC4       Classes.TRegGroups.UnregisterModuleClasses
 0001:0001FDB8       Classes.TResourceStream.Create
 0001:0001FF1C       Classes.TResourceStream.Destroy
 0001:0001FEB0       Classes.TResourceStream.Initialize
 0001:0001FF4C       Classes.TResourceStream.Write
 0001:0001F7B0       Classes.TStream.CopyFrom
 0001:0001F514       Classes.TStream.GetPosition
 0001:0001F548       Classes.TStream.GetSize
 0001:0001F740       Classes.TStream.ReadBuffer
 0001:0001F8A4       Classes.TStream.ReadComponent
 0001:0001F64C       Classes.TStream.Seek
 0001:0001F6D0       Classes.TStream.Seek
 0001:0001F534       Classes.TStream.SetPosition
 0001:0001F5AC       Classes.TStream.SetSize
 0001:0001F594       Classes.TStream.SetSize
 0001:0001F598       Classes.TStream.SetSize64
 0001:0001F778       Classes.TStream.WriteBuffer
 0001:000267D8       Classes.TStreamAdapter.Clone
 0001:0002672C       Classes.TStreamAdapter.Commit
 0001:00026524       Classes.TStreamAdapter.CopyTo
 0001:000262E8       Classes.TStreamAdapter.Create
 0001:00026334       Classes.TStreamAdapter.Destroy
 0001:00026744       Classes.TStreamAdapter.LockRegion
 0001:0002636C       Classes.TStreamAdapter.Read
 0001:00026738       Classes.TStreamAdapter.Revert
 0001:0002643C       Classes.TStreamAdapter.Seek
 0001:000264C0       Classes.TStreamAdapter.SetSize
 0001:0002675C       Classes.TStreamAdapter.Stat
 0001:00026750       Classes.TStreamAdapter.UnlockRegion
 0001:000263D4       Classes.TStreamAdapter.Write
 0001:0001EE94       Classes.TStringList.Add
 0001:0001EEA4       Classes.TStringList.AddObject
 0001:0001EF08       Classes.TStringList.Changed
 0001:0001EF24       Classes.TStringList.Changing
 0001:0001EF40       Classes.TStringList.Clear
 0001:0001F490       Classes.TStringList.CompareStrings
 0001:0001F458       Classes.TStringList.CustomSort
 0001:0001EF80       Classes.TStringList.Delete
 0001:0001EE38       Classes.TStringList.Destroy
 0001:0001EFEC       Classes.TStringList.Exchange
 0001:0001F048       Classes.TStringList.ExchangeItems
 0001:0001F06C       Classes.TStringList.Find
 0001:0001F0F0       Classes.TStringList.Get
 0001:0001F124       Classes.TStringList.GetCapacity
 0001:0001F128       Classes.TStringList.GetCount
 0001:0001F12C       Classes.TStringList.GetObject
 0001:0001F154       Classes.TStringList.Grow
 0001:0001F188       Classes.TStringList.IndexOf
 0001:0001F1C4       Classes.TStringList.Insert
 0001:0001F228       Classes.TStringList.InsertItem
 0001:0001F1D4       Classes.TStringList.InsertObject
 0001:0001F2A4       Classes.TStringList.Put
 0001:0001F300       Classes.TStringList.PutObject
 0001:0001F340       Classes.TStringList.QuickSort
 0001:0001F3D4       Classes.TStringList.SetCapacity
 0001:0001F3F0       Classes.TStringList.SetSorted
 0001:0001F410       Classes.TStringList.SetUpdateState
 0001:0001F448       Classes.TStringList.Sort
 0001:0001DEB8       Classes.TStrings.Add
 0001:0001DEDC       Classes.TStrings.AddObject
 0001:0001DF00       Classes.TStrings.AddStrings
 0001:0001DFB8       Classes.TStrings.Assign
 0001:0001E070       Classes.TStrings.BeginUpdate
 0001:0001EDC0       Classes.TStrings.CompareStrings
 0001:0001E0E0       Classes.TStrings.DefineProperties
 0001:0001DE88       Classes.TStrings.Destroy
 0001:0001E12C       Classes.TStrings.EndUpdate
 0001:0001E140       Classes.TStrings.Equals
 0001:0001E1EC       Classes.TStrings.Error
 0001:0001E224       Classes.TStrings.Error
 0001:0001E27C       Classes.TStrings.Exchange
 0001:0001E368       Classes.TStrings.GetCapacity
 0001:0001ECC4       Classes.TStrings.GetDelimiter
 0001:0001ECDC       Classes.TStrings.GetLineBreak
 0001:0001EE04       Classes.TStrings.GetNameValueSeparator
 0001:0001E370       Classes.TStrings.GetObject
 0001:0001ED10       Classes.TStrings.GetQuoteChar
 0001:0001ED28       Classes.TStrings.GetStrictDelimiter
 0001:0001E374       Classes.TStrings.GetText
 0001:0001E3C8       Classes.TStrings.GetTextStr
 0001:0001E500       Classes.TStrings.IndexOf
 0001:0001E58C       Classes.TStrings.IndexOfName
 0001:0001E660       Classes.TStrings.IndexOfObject
 0001:0001E694       Classes.TStrings.InsertObject
 0001:0001E6C4       Classes.TStrings.LoadFromFile
 0001:0001E718       Classes.TStrings.LoadFromStream
 0001:0001E7C4       Classes.TStrings.Move
 0001:0001E874       Classes.TStrings.Put
 0001:0001E8A4       Classes.TStrings.PutObject
 0001:0001E8A8       Classes.TStrings.ReadData
 0001:0001E958       Classes.TStrings.SaveToFile
 0001:0001E9B0       Classes.TStrings.SaveToStream
 0001:0001EA10       Classes.TStrings.SetCapacity
 0001:0001ED40       Classes.TStrings.SetDelimiter
 0001:0001ED5C       Classes.TStrings.SetLineBreak
 0001:0001EE1C       Classes.TStrings.SetNameValueSeparator
 0001:0001ED88       Classes.TStrings.SetQuoteChar
 0001:0001EDA4       Classes.TStrings.SetStrictDelimiter
 0001:0001EA14       Classes.TStrings.SetStringsAdapter
 0001:0001EA48       Classes.TStrings.SetText
 0001:0001EA98       Classes.TStrings.SetTextStr
 0001:0001EC3C       Classes.TStrings.SetUpdateState
 0001:0001EC40       Classes.TStrings.WriteData
 0001:0001D12C       Classes.TThreadList.Add
 0001:0001D05C       Classes.TThreadList.Create
 0001:0001D0B0       Classes.TThreadList.Destroy
 0001:0001D1B4       Classes.TThreadList.LockList
 0001:0001D1C8       Classes.TThreadList.Remove
 0001:0001D218       Classes.TThreadList.UnlockList
 0001:000230C0       Classes.TWriter.AddAncestor
 0001:000230F4       Classes.TWriter.DefineBinaryProperty
 0001:000230CC       Classes.TWriter.DefineProperty
 0001:00023094       Classes.TWriter.Destroy
 0001:00023130       Classes.TWriter.FindMethodName
 0001:0002318C       Classes.TWriter.FlushBuffer
 0001:0002555C       Classes.TWriter.GetLookupInfo
 0001:00023120       Classes.TWriter.GetPosition
 0001:00023194       Classes.TWriter.SetPosition
 0001:000231D0       Classes.TWriter.SetRoot
 0001:000231E8       Classes.TWriter.Write
 0001:00023234       Classes.TWriter.WriteBinary
 0001:000232D4       Classes.TWriter.WriteBoolean
 0001:000232BC       Classes.TWriter.WriteBuffer
 0001:000232E8       Classes.TWriter.WriteChar
 0001:00023388       Classes.TWriter.WriteCollection
 0001:00023478       Classes.TWriter.WriteComponent
 0001:00023A1C       Classes.TWriter.WriteCurrency
 0001:000235CC       Classes.TWriter.WriteData
 0001:00023A40       Classes.TWriter.WriteDate
 0001:000239D4       Classes.TWriter.WriteFloat
 0001:00023A64       Classes.TWriter.WriteIdent
 0001:00023B9C       Classes.TWriter.WriteInteger
 0001:00023B28       Classes.TWriter.WriteInteger
 0001:00023BF4       Classes.TWriter.WriteListBegin
 0001:00023BFC       Classes.TWriter.WriteListEnd
 0001:00025390       Classes.TWriter.WriteMinStr
 0001:00023C04       Classes.TWriter.WritePrefix
 0001:00023C4C       Classes.TWriter.WriteProperties
 0001:00024D9C       Classes.TWriter.WriteProperty
 0001:000252F0       Classes.TWriter.WritePropName
 0001:000239F8       Classes.TWriter.WriteSingle
 0001:00025344       Classes.TWriter.WriteStr
 0001:0002543C       Classes.TWriter.WriteString
 0001:00025548       Classes.TWriter.WriteValue
 0001:00024EF4       Classes.TWriter.WriteVariant
 0001:00023338       Classes.TWriter.WriteWideChar
 0001:00025490       Classes.TWriter.WriteWideString
 0001:0001C714       Classes.UnregisterFindGlobalComponentProc
 0001:0001C354       Classes.UnRegisterModuleClasses
 0003:00000CC0       Classes.UtilWindowClass
 0001:000255D8       Classes.WaitForSyncEvent
 0003:00000CA4       Classes.WakeMainThread
 0001:0001CA68       Classes.WriteCollection
 0001:00024600       Classes.WriteCollectionProp
 0001:0002479C       Classes.WriteFloatProp
 0001:000247DC       Classes.WriteInt64Prop
 0001:00024BCC       Classes.WriteInterfaceProp
 0001:00024594       Classes.WriteIntProp
 0001:00024CA8       Classes.WriteMethodProp
 0001:000249B8       Classes.WriteObjectProp
 0001:000246A4       Classes.WriteOrdProp
 0001:000244AC       Classes.WritePropPath
 0001:00024500       Classes.WriteSet
 0001:00024818       Classes.WriteStrProp
 0001:00024D38       Classes.WriteVariantProp
 0004:000034C4       Clipbrd..2
 0004:000034C2       Clipbrd.CF_COMPONENT
 0004:000034C0       Clipbrd.CF_PICTURE
 0002:000004D8       Clipbrd.Clipbrd
 0004:000034C8       Clipbrd.FClipboard
 0001:0003A494       Clipbrd.Finalization
 0001:0002861C       CommCtrl.ImageList_Add
 0001:0002864C       CommCtrl.ImageList_BeginDrag
 0001:00028604       CommCtrl.ImageList_Create
 0001:0002860C       CommCtrl.ImageList_Destroy
 0001:0002865C       CommCtrl.ImageList_DragEnter
 0001:00028664       CommCtrl.ImageList_DragLeave
 0001:0002866C       CommCtrl.ImageList_DragMove
 0001:00028674       CommCtrl.ImageList_DragShowNolock
 0001:00028634       CommCtrl.ImageList_Draw
 0001:0002863C       CommCtrl.ImageList_DrawEx
 0001:00028654       CommCtrl.ImageList_EndDrag
 0001:0002862C       CommCtrl.ImageList_GetBkColor
 0001:0002868C       CommCtrl.ImageList_GetIconSize
 0001:00028614       CommCtrl.ImageList_GetImageCount
 0001:0002867C       CommCtrl.ImageList_Read
 0001:00028644       CommCtrl.ImageList_Remove
 0001:00028624       CommCtrl.ImageList_SetBkColor
 0001:00028694       CommCtrl.ImageList_SetIconSize
 0001:00028684       CommCtrl.ImageList_Write
 0001:0002869C       CommCtrl._TrackMouseEvent
 0004:000035E0       ComObj..41
 0001:0006F5E0       ComObj..EOleError
 0001:0006F694       ComObj..EOleException
 0001:0006F638       ComObj..EOleSysError
 0001:00070368       ComObj.ClearExcepInfo
 0003:00001AF0       ComObj.CoAddRefServerProcess
 0003:00001AE8       ComObj.CoCreateInstanceEx
 0003:00001B00       ComObj.CoInitFlags
 0003:00001AEC       ComObj.CoInitializeEx
 0004:000035E8       ComObj.ComClassManagerVar
 0002:00000720       ComObj.ComObj
 0003:00001AF4       ComObj.CoReleaseServerProcess
 0003:00001AF8       ComObj.CoResumeClassObjects
 0003:00001AFC       ComObj.CoSuspendClassObjects
 0001:0006FD84       ComObj.DispatchInvoke
 0001:0007035C       ComObj.DispatchInvokeError
 0001:00070378       ComObj.DispCall
 0001:0007045C       ComObj.DispCallByID
 0001:00070288       ComObj.DispCallError
 0001:0006F9BC       ComObj.EOleException.Create
 0001:0006F8E8       ComObj.EOleSysError.Create
 0001:000705B4       ComObj.Finalization
 0001:000700F4       ComObj.GetIDsOfNames
 0001:0006F708       ComObj.HandleSafeCallException
 0001:00070538       ComObj.InitComObj
 0001:0006FB80       ComObj.LoadComExProcs
 0004:000035F0       ComObj.NeedToUninitialize
 0001:0006FA70       ComObj.OleCheck
 0001:0006FA54       ComObj.OleError
 0004:000035E4       ComObj.OleUninitializing
 0001:000701D4       ComObj.RaiseException
 0001:000700C0       ComObj.RaiseNameException
 0001:0006FA80       ComObj.RegisterComServer
 0001:0006FC84       ComObj.SafeCallError
 0004:000035EC       ComObj.SaveInitProc
 0003:00001B04       ComObj.ThreadStrs
 0001:0006F898       ComObj.TrimPunctuation
 0001:000701EC       ComObj.VarDispInvoke
 0001:00026AD4       Contnrs..TObjectList
 0001:00026B3C       Contnrs..TOrderedList
 0001:00026BA4       Contnrs..TStack
 0001:00026C40       Contnrs.TObjectList.Create
 0001:00026C04       Contnrs.TObjectList.Create
 0001:00026C84       Contnrs.TObjectList.GetItem
 0001:00026C98       Contnrs.TObjectList.Notify
 0001:00026CDC       Contnrs.TOrderedList.Create
 0001:00026D20       Contnrs.TOrderedList.Destroy
 0001:00026D50       Contnrs.TOrderedList.PeekItem
 0001:00026CC4       Contnrs.TOrderedList.Pop
 0001:00026D64       Contnrs.TOrderedList.PopItem
 0001:00026CCC       Contnrs.TOrderedList.Push
 0001:00026D84       Contnrs.TStack.PushItem
 0004:00003528       Controls..33
 0001:00041F9C       Controls..TBaseDragControlObject
 0001:00043328       Controls..TControl
 0001:0004246C       Controls..TControlActionLink
 0001:000422E4       Controls..TControlCanvas
 0001:000440F0       Controls..TCustomControl
 0001:00042384       Controls..TCustomControlAction
 0001:00044538       Controls..TDockTree
 0001:000443EC       Controls..TDockZone
 0001:00042060       Controls..TDragControlObject
 0001:000420EC       Controls..TDragControlObjectEx
 0001:0004217C       Controls..TDragDockObject
 0001:00042244       Controls..TDragDockObjectEx
 0001:00041EF8       Controls..TDragObject
 0001:00043FCC       Controls..TGraphicControl
 0001:0004425C       Controls..THintWindow
 0001:000428BC       Controls..TMargins
 0001:000445DC       Controls..TMouse
 0001:000429D4       Controls..TPadding
 0001:00044B40       Controls..TSiteList
 0001:00042770       Controls..TSizeConstraints
 0001:00043BBC       Controls..TWinControl
 0001:00043798       Controls..TWinControlActionLink
 0001:000451B0       Controls.AbsMin
 0004:0000355C       Controls.ActiveDrag
 0001:0004B500       Controls.AlignWork
 0003:00001704       Controls.AnchorAlign
 0003:000016F8       Controls.AnimateWindowProc
 0003:00001800       Controls.AnimationStyle
 0001:00048100       Controls.BackgroundClipped
 0001:00054754       Controls.CalcSplitterPos
 0001:00046254       Controls.CancelDrag
 0004:00003570       Controls.CanvasList
 0003:000017BC       Controls.CaptureControl
 0001:00044630       Controls.ChangeBiDiModeAlignment
 0001:00045EBC       Controls.CheckUndock
 0001:000515DC       Controls.ClientToWindow
 0004:0000352E       Controls.ControlAtom
 0004:00003534       Controls.ControlAtomString
 0002:000005D0       Controls.Controls
 0003:000016FC       Controls.CreationControl
 0003:000017F8       Controls.Ctl3DStyles
 0003:0000170C       Controls.Cursors
 0001:000449D8       Controls.CursorToIdent
 0003:00001700       Controls.DefaultDockTreeClass
 0001:0004C48C       Controls.DestroyChildWindow
 0001:0004B374       Controls.DoAlign
 0001:0004FEF8       Controls.DoCalcConstraints
 0004:00003564       Controls.DockSiteList
 0001:0004D1E8       Controls.DoControlMsg
 0001:000457C4       Controls.DoDragOver
 0001:0005225C       Controls.DoFindControlZone
 0001:00052984       Controls.DoFindZone
 0001:000522E0       Controls.DoForEach
 0001:00053F28       Controls.DoGetNextLimit
 0001:00054F60       Controls.DoneControls
 0001:0004B32C       Controls.DoPosition
 0001:00053438       Controls.DoPrune
 0001:0005394C       Controls.DoSaveZone
 0001:00053C10       Controls.DoSetNewBounds
 0001:0004C138       Controls.DoWriteDesignSize
 0001:00049480       Controls.DoWriteExplicit
 0001:0004944C       Controls.DoWriteIsControl
 0004:00003548       Controls.DragCapture
 0004:0000353C       Controls.DragControl
 0001:00045F30       Controls.DragDone
 0001:00045774       Controls.DragFindTarget
 0001:00045748       Controls.DragFindWindow
 0004:00003560       Controls.DragImageList
 0001:00045B88       Controls.DragInit
 0001:00045CF8       Controls.DragInitControl
 0004:00003544       Controls.DragInternalObject
 0001:00045690       Controls.DragMessage
 0004:00003540       Controls.DragObject
 0004:0000356C       Controls.DragSave
 0004:00003554       Controls.DragSaveCursor
 0004:0000354C       Controls.DragStartPos
 0004:00003558       Controls.DragThreshold
 0001:000458A0       Controls.DragTo
 0001:00052EBC       Controls.DrawCloseButton
 0001:00052F50       Controls.DrawGrabberLine
 0001:00052FD8       Controls.DrawThemedGrabber
 0003:000017E8       Controls.EdgeStyles
 0001:00055580       Controls.Finalization
 0001:00044788       Controls.FindControl
 0001:000462A0       Controls.FindDragTarget
 0001:0004626C       Controls.FindVCLWindow
 0001:00046364       Controls.FreeDeviceContext
 0001:00046420       Controls.FreeDeviceContexts
 0001:00044AD4       Controls.GetCaptureControl
 0001:0004B19C       Controls.GetClientSize
 0001:0004C8AC       Controls.GetControlAtPos
 0001:00054008       Controls.GetDockAlign
 0001:000454E0       Controls.GetDockSiteAtPos
 0001:00045800       Controls.GetDropCtl
 0001:00051F8C       Controls.GetLastChildZone
 0001:00044A3C       Controls.GetLongHint
 0001:000449F8       Controls.GetShortHint
 0001:00044BE0       Controls.GetTopParent
 0001:00054084       Controls.HideZone
 0001:000449E8       Controls.IdentToCursor
 0003:00001828       Controls.IMM32DLL
 0001:00054F4C       Controls.Imm32IsIME
 0001:00054FE8       Controls.InitControls
 0001:00054BF0       Controls.InitIMM32
 0001:00044644       Controls.InitWndProc
 0003:000017C8       Controls.InnerStyles
 0001:0004B1FC       Controls.InsertBefore
 0001:00045294       Controls.IsBeforeTargetWindow
 0001:000456E8       Controls.IsDelphiHandle
 0001:000519C0       Controls.IsOrientationSet
 0001:0004549C       Controls.IsSiteChildOfClient
 0001:000447E4       Controls.IsVCLControl
 0004:0000351C       Controls.IsVCLControlHook
 0001:000462EC       Controls.ListAdd
 0001:00046314       Controls.ListRemove
 0003:00001814       Controls.MakeLast
 0001:0004A544       Controls.MinVar
 0003:0000182C       Controls.ModeMap
 0004:00003518       Controls.Mouse
 0001:00046334       Controls.MoveWindowOrg
 0004:00003524       Controls.NewStyleControls
 0001:000519A4       Controls.NextVisibleZone
 0001:00044754       Controls.ObjectFromHWnd
 0003:0000180C       Controls.OrientArray
 0003:000017D8       Controls.OuterStyles
 0001:00051DB4       Controls.ParentNotLast
 0001:00044A80       Controls.PerformEraseBackground
 0001:0004C124       Controls.PointsEqual
 0004:00003568       Controls.QualifyingSites
 0001:00052B20       Controls.ReadControlName
 0001:00045634       Controls.RegisterDockSite
 0004:00003538       Controls.RM_GetObjectInstance
 0001:00044814       Controls.SendAppMessage
 0001:00044AFC       Controls.SetCaptureControl
 0001:00054E74       Controls.SetImeMode
 0003:000017C0       Controls.ShowFlags
 0001:00054104       Controls.ShowZone
 0003:00001820       Controls.SizeCursors
 0001:00044FB0       Controls.TBaseDragControlObject.Assign
 0001:00044F8C       Controls.TBaseDragControlObject.Create
 0001:00044FDC       Controls.TBaseDragControlObject.EndDrag
 0001:00045000       Controls.TBaseDragControlObject.Finished
 0001:0004A274       Controls.TControl.ActionChange
 0001:0004A664       Controls.TControl.AdjustSize
 0001:0004A498       Controls.TControl.AssignTo
 0001:00048460       Controls.TControl.BeginAutoDrag
 0001:0004847C       Controls.TControl.BeginDrag
 0001:00047F98       Controls.TControl.BringToFront
 0001:00048EC4       Controls.TControl.CalcCursorPos
 0001:0004902C       Controls.TControl.CalcDockSizes
 0001:00048DC4       Controls.TControl.CanAutoSize
 0001:00048DC8       Controls.TControl.CanResize
 0001:00047930       Controls.TControl.Changed
 0001:00047940       Controls.TControl.ChangeScale
 0001:00049A3C       Controls.TControl.CheckNewSize
 0001:00049830       Controls.TControl.Click
 0001:000477B8       Controls.TControl.ClientToScreen
 0001:00049FCC       Controls.TControl.CMBiDiModeChanged
 0001:00049EF8       Controls.TControl.CMColorChanged
 0001:0004A0FC       Controls.TControl.CMDesignHitTest
 0001:00049ED8       Controls.TControl.CMEnabledChanged
 0001:0004A214       Controls.TControl.CMFloat
 0001:00049EE8       Controls.TControl.CMFontChanged
 0001:0004A6F0       Controls.TControl.CMHintShow
 0001:0004A07C       Controls.TControl.CMHitTest
 0001:0004A8A4       Controls.TControl.CMMouseActivate
 0001:0004A084       Controls.TControl.CMMouseEnter
 0001:0004A0C0       Controls.TControl.CMMouseLeave
 0001:00049F5C       Controls.TControl.CMMouseWheel
 0001:00049F38       Controls.TControl.CMParentBiDiModeChanged
 0001:00049F08       Controls.TControl.CMParentColorChanged
 0001:0004A028       Controls.TControl.CMParentFontChanged
 0001:00049FEC       Controls.TControl.CMParentShowHintChanged
 0001:0004A058       Controls.TControl.CMSysFontChanged
 0001:00049EB0       Controls.TControl.CMVisibleChanged
 0001:00048E94       Controls.TControl.ConstrainedResize
 0001:00046B90       Controls.TControl.Create
 0001:0004A104       Controls.TControl.CreateFloatingDockSite
 0001:0004989C       Controls.TControl.DblClick
 0001:00048904       Controls.TControl.DefaultDockImage
 0001:000493A4       Controls.TControl.DefaultHandler
 0001:000496A0       Controls.TControl.DefineProperties
 0001:00048EF0       Controls.TControl.DesignWndProc
 0001:00046C88       Controls.TControl.Destroy
 0001:0004A374       Controls.TControl.DoActionChange
 0001:00048DF8       Controls.TControl.DoCanAutoSize
 0001:00048E64       Controls.TControl.DoCanResize
 0001:00047488       Controls.TControl.Dock
 0001:00048700       Controls.TControl.DockTrackNoTarget
 0001:00048F24       Controls.TControl.DoConstrainedResize
 0001:00048DB4       Controls.TControl.DoConstraintsChange
 0001:0004A864       Controls.TControl.DoContextPopup
 0001:000475B8       Controls.TControl.DoDock
 0001:00048A50       Controls.TControl.DoDragMsg
 0001:00048718       Controls.TControl.DoEndDock
 0001:00048600       Controls.TControl.DoEndDrag
 0001:0004A8C8       Controls.TControl.DoMarginChange
 0001:00048764       Controls.TControl.DoMouseActivate
 0001:000498F4       Controls.TControl.DoMouseDown
 0001:00049C6C       Controls.TControl.DoMouseUp
 0001:00048798       Controls.TControl.DoMouseWheel
 0001:0004886C       Controls.TControl.DoMouseWheelDown
 0001:000488B8       Controls.TControl.DoMouseWheelUp
 0001:00048744       Controls.TControl.DoStartDock
 0001:000485E0       Controls.TControl.DoStartDrag
 0001:00048568       Controls.TControl.DragCanceled
 0001:000485B4       Controls.TControl.DragDrop
 0001:0004856C       Controls.TControl.Dragging
 0001:00048578       Controls.TControl.DragOver
 0001:00048A30       Controls.TControl.DrawDragDockImage
 0001:0004A684       Controls.TControl.DrawTextBiDiModeFlags
 0001:0004A6C4       Controls.TControl.DrawTextBiDiModeFlagsReadingOnly
 0001:00048A40       Controls.TControl.EraseDragDockImage
 0001:00047DE8       Controls.TControl.FontChanged
 0001:00046E10       Controls.TControl.GetAction
 0001:0004A398       Controls.TControl.GetActionLinkClass
 0001:0004A8DC       Controls.TControl.GetAlignWithMargins
 0001:00047648       Controls.TControl.GetBoundsRect
 0001:000476E8       Controls.TControl.GetClientHeight
 0001:00047728       Controls.TControl.GetClientOrigin
 0001:0004768C       Controls.TControl.GetClientRect
 0001:000476A4       Controls.TControl.GetClientWidth
 0001:00048410       Controls.TControl.GetControlsAlignment
 0001:00048058       Controls.TControl.GetDeviceContext
 0001:0004A580       Controls.TControl.GetDockEdge
 0001:00046D50       Controls.TControl.GetDragImages
 0001:00046D54       Controls.TControl.GetEnabled
 0001:0004A630       Controls.TControl.GetFloating
 0001:0004A65C       Controls.TControl.GetFloatingDockSiteClass
 0001:00047F60       Controls.TControl.GetMouseCapture
 0001:00046D5C       Controls.TControl.GetPalette
 0001:00046D68       Controls.TControl.GetParentComponent
 0001:00049A34       Controls.TControl.GetPopupMenu
 0001:00047D38       Controls.TControl.GetText
 0001:00047CB8       Controls.TControl.GetTextBuf
 0001:00047CA8       Controls.TControl.GetTextLen
 0001:00047CC4       Controls.TControl.GetUndockHeight
 0001:00047CD8       Controls.TControl.GetUndockWidth
 0001:00046D60       Controls.TControl.HasParent
 0001:0004A6E0       Controls.TControl.InitiateAction
 0001:00048218       Controls.TControl.Invalidate
 0001:0004818C       Controls.TControl.InvalidateControl
 0001:00046F3C       Controls.TControl.IsAnchorsStored
 0001:00047E5C       Controls.TControl.IsBiDiModeStored
 0001:0004A3A0       Controls.TControl.IsCaptionStored
 0001:00047EF4       Controls.TControl.IsColorStored
 0001:0004A3C0       Controls.TControl.IsEnabledStored
 0001:00047E3C       Controls.TControl.IsFontStored
 0001:0004A400       Controls.TControl.IsHelpContextStored
 0001:0004A3E0       Controls.TControl.IsHintStored
 0001:0004A440       Controls.TControl.IsOnClickStored
 0001:00047E50       Controls.TControl.IsShowHintStored
 0001:0004A420       Controls.TControl.IsVisibleStored
 0001:0004A460       Controls.TControl.Loaded
 0001:00048B40       Controls.TControl.ManualDock
 0001:00048D20       Controls.TControl.ManualFloat
 0001:0004822C       Controls.TControl.MouseActivate
 0001:000498BC       Controls.TControl.MouseDown
 0001:00049B88       Controls.TControl.MouseMove
 0001:00049C34       Controls.TControl.MouseUp
 0001:00048274       Controls.TControl.MouseWheelHandler
 0001:00047054       Controls.TControl.Notification
 0001:00046D94       Controls.TControl.PaletteChanged
 0001:00048FF8       Controls.TControl.Perform
 0001:0004862C       Controls.TControl.PositionDockRect
 0001:0004A9B8       Controls.TControl.ReadExplicitHeight
 0001:0004A9D0       Controls.TControl.ReadExplicitLeft
 0001:0004A9A0       Controls.TControl.ReadExplicitTop
 0001:0004A978       Controls.TControl.ReadExplicitWidth
 0001:0004942C       Controls.TControl.ReadIsControl
 0001:00046FC0       Controls.TControl.ReadState
 0001:00048308       Controls.TControl.Refresh
 0001:00048314       Controls.TControl.Repaint
 0001:00046F90       Controls.TControl.RequestAlign
 0001:00046FA0       Controls.TControl.Resize
 0001:000477E4       Controls.TControl.ScaleConstraints
 0001:00047868       Controls.TControl.ScreenToClient
 0001:00047894       Controls.TControl.SendCancelMode
 0001:000478C4       Controls.TControl.SendDockNotification
 0001:00046EC0       Controls.TControl.SetAction
 0001:000470AC       Controls.TControl.SetAlign
 0001:0004A8E4       Controls.TControl.SetAlignWithMargins
 0001:00046E20       Controls.TControl.SetAnchors
 0001:00047B04       Controls.TControl.SetAutoSize
 0001:00047DCC       Controls.TControl.SetBiDiMode
 0001:00047194       Controls.TControl.SetBounds
 0001:00047668       Controls.TControl.SetBoundsRect
 0001:00047700       Controls.TControl.SetClientHeight
 0001:00047BC4       Controls.TControl.SetClientSize
 0001:000476BC       Controls.TControl.SetClientWidth
 0001:00047ED8       Controls.TControl.SetColor
 0001:0004A898       Controls.TControl.SetConstraints
 0001:00047F44       Controls.TControl.SetCursor
 0001:00046F54       Controls.TControl.SetDesignVisible
 0001:00046F8C       Controls.TControl.SetDragMode
 0001:00047C90       Controls.TControl.SetEnabled
 0001:00047E2C       Controls.TControl.SetFont
 0001:00047454       Controls.TControl.SetHeight
 0001:00047610       Controls.TControl.SetHelpContext
 0001:00047624       Controls.TControl.SetHelpKeyword
 0001:000473B8       Controls.TControl.SetLeft
 0001:0004A8D0       Controls.TControl.SetMargins
 0001:00047F70       Controls.TControl.SetMouseCapture
 0001:00047B20       Controls.TControl.SetName
 0001:00047C0C       Controls.TControl.SetParent
 0001:00047F20       Controls.TControl.SetParentBiDiMode
 0001:00047EFC       Controls.TControl.SetParentColor
 0001:00046D6C       Controls.TControl.SetParentComponent
 0001:00047E64       Controls.TControl.SetParentFont
 0001:00047EAC       Controls.TControl.SetParentShowHint
 0001:00047CEC       Controls.TControl.SetPopupMenu
 0001:00047E88       Controls.TControl.SetShowHint
 0001:00047D68       Controls.TControl.SetText
 0001:00047D14       Controls.TControl.SetTextBuf
 0001:000473EC       Controls.TControl.SetTop
 0001:00047C58       Controls.TControl.SetVisible
 0001:00047420       Controls.TControl.SetWidth
 0001:00048034       Controls.TControl.SetZOrder
 0001:00047FAC       Controls.TControl.SetZOrderPosition
 0001:000482F4       Controls.TControl.Update
 0001:00047234       Controls.TControl.UpdateAnchorRules
 0001:000490A0       Controls.TControl.UpdateBoundsRect
 0001:0004A914       Controls.TControl.UpdateExplicitBounds
 0001:0004842C       Controls.TControl.UseRightToLeftAlignment
 0001:00048414       Controls.TControl.UseRightToLeftReading
 0001:00048444       Controls.TControl.UseRightToLeftScrollBar
 0001:000490D0       Controls.TControl.VisibleChanging
 0001:00049DC0       Controls.TControl.WMCancelMode
 0001:0004A720       Controls.TControl.WMContextMenu
 0001:000499E0       Controls.TControl.WMLButtonDblClk
 0001:00049978       Controls.TControl.WMLButtonDown
 0001:00049CA4       Controls.TControl.WMLButtonUp
 0001:00049B5C       Controls.TControl.WMMButtonDblClk
 0001:00049B30       Controls.TControl.WMMButtonDown
 0001:00049D48       Controls.TControl.WMMButtonUp
 0001:00049BBC       Controls.TControl.WMMouseMove
 0001:00049D68       Controls.TControl.WMMouseWheel
 0001:000499C4       Controls.TControl.WMNCLButtonDown
 0001:00049B04       Controls.TControl.WMRButtonDblClk
 0001:00049AD8       Controls.TControl.WMRButtonDown
 0001:00049D28       Controls.TControl.WMRButtonUp
 0001:00049E00       Controls.TControl.WMWindowPosChanged
 0001:000490D4       Controls.TControl.WndProc
 0001:0004A958       Controls.TControl.WriteExplicitHeight
 0001:0004A968       Controls.TControl.WriteExplicitLeft
 0001:0004A948       Controls.TControl.WriteExplicitTop
 0001:0004A990       Controls.TControl.WriteExplicitWidth
 0001:00049440       Controls.TControl.WriteIsControl
 0001:0004673C       Controls.TControlActionLink.AssignClient
 0001:00046758       Controls.TControlActionLink.DoShowHint
 0001:00046848       Controls.TControlActionLink.IsCaptionLinked
 0001:000468BC       Controls.TControlActionLink.IsDropdownMenuLinked
 0001:000468D0       Controls.TControlActionLink.IsEnabledLinked
 0001:00046904       Controls.TControlActionLink.IsEnableDropdownLinked
 0001:00046AA4       Controls.TControlActionLink.IsHelpLinked
 0001:00046918       Controls.TControlActionLink.IsHintLinked
 0001:000469C4       Controls.TControlActionLink.IsOnExecuteLinked
 0001:00046950       Controls.TControlActionLink.IsPopupMenuLinked
 0001:00046990       Controls.TControlActionLink.IsVisibleLinked
 0001:000469EC       Controls.TControlActionLink.SetCaption
 0001:00046A0C       Controls.TControlActionLink.SetDropdownMenu
 0001:00046A10       Controls.TControlActionLink.SetEnabled
 0001:00046A30       Controls.TControlActionLink.SetEnableDropdown
 0001:00046B2C       Controls.TControlActionLink.SetHelpContext
 0001:00046B0C       Controls.TControlActionLink.SetHelpKeyword
 0001:00046B4C       Controls.TControlActionLink.SetHelpType
 0001:00046A34       Controls.TControlActionLink.SetHint
 0001:00046A78       Controls.TControlActionLink.SetOnExecute
 0001:00046B6C       Controls.TControlActionLink.SetPopupMenu
 0001:00046A58       Controls.TControlActionLink.SetVisible
 0001:000464F8       Controls.TControlCanvas.CreateHandle
 0001:000464CC       Controls.TControlCanvas.Destroy
 0001:000465A0       Controls.TControlCanvas.FreeHandle
 0001:000465D4       Controls.TControlCanvas.SetControl
 0001:000465EC       Controls.TControlCanvas.UpdateTextFlags
 0001:00051848       Controls.TCustomControl.Create
 0001:000518A4       Controls.TCustomControl.Destroy
 0001:000519A0       Controls.TCustomControl.Paint
 0001:000518F4       Controls.TCustomControl.PaintWindow
 0001:000518D4       Controls.TCustomControl.WMPaint
 0001:0005455C       Controls.TDockTree.ActualSize
 0001:0005222C       Controls.TDockTree.AdjustDockRect
 0001:000545F0       Controls.TDockTree.AdjustFrameRect
 0001:00052244       Controls.TDockTree.BeginUpdate
 0001:0005423C       Controls.TDockTree.ControlVisibilityChanged
 0001:00052070       Controls.TDockTree.Create
 0001:000521D8       Controls.TDockTree.Destroy
 0001:00053E3C       Controls.TDockTree.DrawSizeSplitter
 0001:00052248       Controls.TDockTree.EndUpdate
 0001:000528F8       Controls.TDockTree.FindControlAtPos
 0001:000522B4       Controls.TDockTree.FindControlZone
 0001:0005231C       Controls.TDockTree.ForEachAt
 0001:00052334       Controls.TDockTree.GetControlBounds
 0001:00053FB8       Controls.TDockTree.GetNextLimit
 0001:000523A8       Controls.TDockTree.HitTest
 0001:000523B8       Controls.TDockTree.InsertControl
 0001:000525D4       Controls.TDockTree.InsertNewParent
 0001:0005277C       Controls.TDockTree.InsertSibling
 0001:00052A98       Controls.TDockTree.InternalHitTest
 0001:00052B68       Controls.TDockTree.LoadFromStream
 0001:00054630       Controls.TDockTree.MouseDown
 0001:000547E4       Controls.TDockTree.MouseMove
 0001:00054834       Controls.TDockTree.MouseUp
 0001:00053034       Controls.TDockTree.PaintDockFrame
 0001:00053188       Controls.TDockTree.PaintSite
 0001:000532BC       Controls.TDockTree.PositionDockRect
 0001:0005346C       Controls.TDockTree.PruneZone
 0001:000545C4       Controls.TDockTree.ReferenceFromOrient
 0001:0005458C       Controls.TDockTree.RelativeSize
 0001:000534C8       Controls.TDockTree.RemoveControl
 0001:00053508       Controls.TDockTree.RemoveZone
 0001:000537A8       Controls.TDockTree.ResetBounds
 0001:00053A5C       Controls.TDockTree.SaveToStream
 0001:00053890       Controls.TDockTree.ScaleZone
 0001:00053C98       Controls.TDockTree.SetNewBounds
 0001:00053CC8       Controls.TDockTree.SetReplacingControl
 0001:00053CE0       Controls.TDockTree.ShiftZone
 0001:000548A8       Controls.TDockTree.ShowHint
 0001:00053D14       Controls.TDockTree.SplitterMouseDown
 0001:00053D74       Controls.TDockTree.SplitterMouseUp
 0001:00053DF0       Controls.TDockTree.UpdateAll
 0001:00053E18       Controls.TDockTree.UpdateZone
 0001:00053E28       Controls.TDockTree.WindowProc
 0001:000542C4       Controls.TDockTree.WndProc
 0001:000527F4       Controls.TDockTree.ZoneCaptionHitTest
 0001:000519E4       Controls.TDockZone.Create
 0001:00051F9C       Controls.TDockZone.ExpandZoneLimit
 0001:00052064       Controls.TDockZone.FirstVisibleChild
 0001:00051A08       Controls.TDockZone.GetChildCount
 0001:00051CEC       Controls.TDockZone.GetControlName
 0001:00051B8C       Controls.TDockZone.GetHeightWidth
 0001:00051A78       Controls.TDockZone.GetLimitBegin
 0001:00051AC0       Controls.TDockZone.GetLimitSize
 0001:00051B08       Controls.TDockZone.GetTopLeft
 0001:00051A40       Controls.TDockZone.GetVisible
 0001:00051A1C       Controls.TDockZone.GetVisibleChildCount
 0001:00051F60       Controls.TDockZone.GetZoneLimit
 0001:0005203C       Controls.TDockZone.NextVisible
 0001:00052048       Controls.TDockZone.PrevVisible
 0001:00051C44       Controls.TDockZone.ResetChildren
 0001:00051FDC       Controls.TDockZone.ResetZoneLimits
 0001:00051D30       Controls.TDockZone.SetControlName
 0001:00051F88       Controls.TDockZone.SetZoneLimit
 0001:00051DE4       Controls.TDockZone.Update
 0001:00045034       Controls.TDragControlObject.GetDragCursor
 0001:0004504C       Controls.TDragControlObject.GetDragImages
 0001:00045058       Controls.TDragControlObject.HideDragImage
 0001:00045078       Controls.TDragControlObject.ShowDragImage
 0001:00045098       Controls.TDragControlObjectEx.BeforeDestruction
 0001:000451D4       Controls.TDragDockObject.AdjustDockRect
 0001:00045134       Controls.TDragDockObject.Assign
 0001:0004509C       Controls.TDragDockObject.Create
 0001:00045104       Controls.TDragDockObject.Destroy
 0001:00045250       Controls.TDragDockObject.DrawDragDockImage
 0001:00045194       Controls.TDragDockObject.EndDrag
 0001:00045264       Controls.TDragDockObject.EraseDragDockImage
 0001:00045278       Controls.TDragDockObject.GetDragCursor
 0001:00045284       Controls.TDragDockObject.GetEraseWhenMoving
 0001:00045288       Controls.TDragDockObject.GetFrameWidth
 0001:00045290       Controls.TDragDockObjectEx.BeforeDestruction
 0001:00051688       Controls.TDragImageList.BeginDrag
 0001:000516FC       Controls.TDragImageList.DragLock
 0001:00051784       Controls.TDragImageList.DragMove
 0001:00051760       Controls.TDragImageList.DragUnlock
 0001:000517F8       Controls.TDragImageList.EndDrag
 0001:000517E0       Controls.TDragImageList.HideDragImage
 0001:00051664       Controls.TDragImageList.SetDragCursor
 0001:0005161C       Controls.TDragImageList.SetDragImage
 0001:000517C8       Controls.TDragImageList.ShowDragImage
 0001:00044F7C       Controls.TDragObject.AfterConstruction
 0001:00044D28       Controls.TDragObject.Assign
 0001:00044F6C       Controls.TDragObject.BeforeDestruction
 0001:00044D68       Controls.TDragObject.Capture
 0001:00044D80       Controls.TDragObject.Finished
 0001:00044EF8       Controls.TDragObject.GetDragCursor
 0001:00044EF4       Controls.TDragObject.GetDragImages
 0001:00044D88       Controls.TDragObject.GetName
 0001:00044F10       Controls.TDragObject.HideDragImage
 0001:00044F14       Controls.TDragObject.Instance
 0001:00044F20       Controls.TDragObject.MainWndProc
 0001:00044DB0       Controls.TDragObject.ReleaseCapture
 0001:00044F1C       Controls.TDragObject.ShowDragImage
 0001:00044DC4       Controls.TDragObject.WndProc
 0001:00050E9C       Controls.TGraphicControl.Create
 0001:00050EF8       Controls.TGraphicControl.Destroy
 0001:00050FE0       Controls.TGraphicControl.Paint
 0001:00050F38       Controls.TGraphicControl.WMPaint
 0001:000512D0       Controls.THintWindow.ActivateHint
 0001:000514C4       Controls.THintWindow.ActivateHintData
 0001:000514EC       Controls.THintWindow.CalcHintRect
 0001:00051238       Controls.THintWindow.CMTextChanged
 0001:00050FE4       Controls.THintWindow.Create
 0001:00051050       Controls.THintWindow.CreateParams
 0001:000511C8       Controls.THintWindow.IsHintMsg
 0001:00051548       Controls.THintWindow.NCPaint
 0001:00051120       Controls.THintWindow.Paint
 0001:0005122C       Controls.THintWindow.ReleaseHandle
 0001:000515D8       Controls.THintWindow.ShouldHideHint
 0001:000510B4       Controls.THintWindow.WMNCHitTest
 0001:000510BC       Controls.THintWindow.WMNCPaint
 0001:000515B4       Controls.THintWindow.WMPrint
 0001:000551F8       Controls.TMargins.AssignTo
 0001:00055240       Controls.TMargins.Change
 0001:000551B4       Controls.TMargins.Create
 0001:000553B8       Controls.TMargins.GetControlBound
 0001:00055254       Controls.TMargins.InitDefaults
 0001:000552CC       Controls.TMargins.SetControlBounds
 0001:00055274       Controls.TMargins.SetMargin
 0001:0005499C       Controls.TMouse.Create
 0001:00054A2C       Controls.TMouse.CreatePanningWindow
 0001:00054A58       Controls.TMouse.Destroy
 0001:00054A88       Controls.TMouse.GetCapture
 0001:00054A90       Controls.TMouse.GetCursorPos
 0001:00054AA0       Controls.TMouse.GetIsDragging
 0001:00054AAC       Controls.TMouse.GetIsPanning
 0001:00054AD0       Controls.TMouse.GetMouseData
 0001:00054AEC       Controls.TMouse.GetNativeData
 0001:00054B1C       Controls.TMouse.GetRegisteredData
 0001:00054B44       Controls.TMouse.SetCapture
 0001:00054B6C       Controls.TMouse.SetPanningWindow
 0001:00054B8C       Controls.TMouse.SettingChanged
 0001:0005557C       Controls.TPadding.InitDefaults
 0001:0004E890       Controls.TraverseControls
[...]
 0004:0000280C       SysUtils.CurrencyFormat
 0004:0000280D       SysUtils.NegCurrFormat
 0004:0000280E       SysUtils.ThousandSeparator
 0004:0000280F       SysUtils.DecimalSeparator
 0004:00002810       SysUtils.CurrencyDecimals
 0004:00002811       SysUtils.DateSeparator
 0004:00002814       SysUtils.ShortDateFormat
 0004:00002818       SysUtils.LongDateFormat
 0004:0000281C       SysUtils.TimeSeparator
 0004:00002820       SysUtils.TimeAMString
 0004:00002824       SysUtils.TimePMString
 0004:00002828       SysUtils.ShortTimeFormat
 0004:0000282C       SysUtils.LongTimeFormat
 0004:00002830       SysUtils.ShortMonthNames
 0004:00002860       SysUtils.LongMonthNames
 0004:00002890       SysUtils.ShortDayNames
 0004:000028AC       SysUtils.LongDayNames
 0004:000028C8       SysUtils.SysLocale
 0004:000028D6       SysUtils.ListSeparator
 0004:000028D8       SysUtils.EraNames
 0004:000028F4       SysUtils.EraYearOffsets
 0004:00002910       SysUtils.TrueBoolStrs
 0004:00002914       SysUtils.FalseBoolStrs
 0004:00002918       SysUtils..35
 0004:0000291C       SysUtils.OutOfMemory
 0004:00002920       SysUtils.InvalidPointer
 0004:00002924       SysUtils.CharHash
 0004:00002A24       SysUtils.ValidatedUnitHashBuckets
 0004:00002E24       SysUtils.UnitHashBuckets
 0004:00003224       SysUtils.FLanguages
 0004:00003228       VarUtils.VariantChangeTypeEx
 0004:0000322C       VarUtils.VarNeg
 0004:00003230       VarUtils.VarNot
 0004:00003234       VarUtils.VarAdd
 0004:00003238       VarUtils.VarSub
 0004:0000323C       VarUtils.VarMul
 0004:00003240       VarUtils.VarDiv
 0004:00003244       VarUtils.VarIDiv
 0004:00003248       VarUtils.VarMod
 0004:0000324C       VarUtils.VarAnd
 0004:00003250       VarUtils.VarOr
 0004:00003254       VarUtils.VarXor
 0004:00003258       VarUtils.VarCmp
 0004:0000325C       VarUtils.VarI4FromStr
 0004:00003260       VarUtils.VarR4FromStr
 0004:00003264       VarUtils.VarR8FromStr
 0004:00003268       VarUtils.VarDateFromStr
 0004:0000326C       VarUtils.VarCyFromStr
 0004:00003270       VarUtils.VarBoolFromStr
 0004:00003274       VarUtils.VarBstrFromCy
 0004:00003278       VarUtils.VarBstrFromDate
 0004:0000327C       VarUtils.VarBstrFromBool
 0004:00003280       VarUtils..5
 0004:00003284       Variants.EmptyParam
 0004:00003294       Variants.VarDispProc
 0004:00003298       Variants.ClearAnyProc
 0004:0000329C       Variants.ChangeAnyProc
 0004:000032A0       Variants.RefAnyProc
 0004:000032A4       Variants..81
 0004:000032A8       Variants.LVarTypes
 0004:000032AC       Variants.LVarTypeSync
 0004:000032C4       TypInfo..6
 0004:000032C8       Classes.GlobalNameSpace
 0004:000032CC       Classes.IsUniqueGlobalComponentNameProc
 0004:000032D0       Classes.SyncEvent
 0004:000032D4       Classes..95
 0004:000032D8       Classes.IntConstList
 0004:000032DC       Classes.RegGroups
 0004:000032E0       Classes.FindGlobalComponentProcs
 0004:000032E4       Classes.GlobalFixupList
 0004:000032E8       Classes.ThreadLock
 0004:00003300       Classes.InstBlockList
 0004:00003304       Classes.InstFreeList
 0004:00003308       HelpIntfs..2
 0004:0000330C       HelpIntfs.HelpManager
 0004:00003310       MultiMon.GetSystemMetrics
 0004:00003314       MultiMon.MonitorFromWindow
 0004:00003318       MultiMon.MonitorFromRect
 0004:0000331C       MultiMon.MonitorFromPoint
 0004:00003320       MultiMon.GetMonitorInfo
 0004:00003324       MultiMon.GetMonitorInfoA
 0004:00003328       MultiMon.GetMonitorInfoW
 0004:0000332C       MultiMon.EnumDisplayMonitors
 0004:00003330       MultiMon..1
 0004:00003334       MultiMon.User32Dll
 0004:00003338       MultiMon.InitApis
 0004:00003340       MultiMon.MMAvailable
 0004:00003344       IniFiles..8
 0004:00003348       Registry..5
 0004:0000334C       Graphics.SystemPalette16
 0004:00003350       Graphics..12
 0004:00003354       Graphics.ScreenLogPixels
 0004:00003358       Graphics.StockPen
 0004:0000335C       Graphics.StockBrush
 0004:00003360       Graphics.StockFont
 0004:00003364       Graphics.StockIcon
 0004:00003368       Graphics.BitmapImageLock
 0004:00003380       Graphics.CounterLock
 0004:00003398       Graphics.FontManager
 0004:0000339C       Graphics.PenManager
 0004:000033A0       Graphics.BrushManager
 0004:000033A4       Graphics.CanvasList
 0004:000033A8       Graphics.PatternManager
 0004:000033AC       UxTheme.OpenThemeData
 0004:000033B0       UxTheme.CloseThemeData
 0004:000033B4       UxTheme.DrawThemeBackground
 0004:000033B8       UxTheme.DrawThemeText
 0004:000033BC       UxTheme.GetThemeBackgroundContentRect
 0004:000033C0       UxTheme.GetThemeBackgroundExtent
 0004:000033C4       UxTheme.GetThemePartSize
 0004:000033C8       UxTheme.GetThemeTextExtent
 0004:000033CC       UxTheme.GetThemeTextMetrics
 0004:000033D0       UxTheme.GetThemeBackgroundRegion
 0004:000033D4       UxTheme.HitTestThemeBackground
 0004:000033D8       UxTheme.DrawThemeEdge
 0004:000033DC       UxTheme.DrawThemeIcon
 0004:000033E0       UxTheme.IsThemePartDefined
 0004:000033E4       UxTheme.IsThemeBackgroundPartiallyTransparent
 0004:000033E8       UxTheme.GetThemeColor
 0004:000033EC       UxTheme.GetThemeMetric
 0004:000033F0       UxTheme.GetThemeString
 0004:000033F4       UxTheme.GetThemeBool
 0004:000033F8       UxTheme.GetThemeInt
 0004:000033FC       UxTheme.GetThemeEnumValue
 0004:00003400       UxTheme.GetThemePosition
 0004:00003404       UxTheme.GetThemeFont
 0004:00003408       UxTheme.GetThemeRect
 0004:0000340C       UxTheme.GetThemeMargins
 0004:00003410       UxTheme.GetThemeIntList
 0004:00003414       UxTheme.GetThemePropertyOrigin
 0004:00003418       UxTheme.SetWindowTheme
 0004:0000341C       UxTheme.GetThemeFilename
 0004:00003420       UxTheme.GetThemeSysColor
 0004:00003424       UxTheme.GetThemeSysColorBrush
 0004:00003428       UxTheme.GetThemeSysBool
 0004:0000342C       UxTheme.GetThemeSysSize
 0004:00003430       UxTheme.GetThemeSysFont
 0004:00003434       UxTheme.GetThemeSysString
 0004:00003438       UxTheme.GetThemeSysInt
 0004:0000343C       UxTheme.IsThemeActive
 0004:00003440       UxTheme.IsAppThemed
 0004:00003444       UxTheme.GetWindowTheme
 0004:00003448       UxTheme.EnableThemeDialogTexture
 0004:0000344C       UxTheme.IsThemeDialogTextureEnabled
 0004:00003450       UxTheme.GetThemeAppProperties
 0004:00003454       UxTheme.SetThemeAppProperties
 0004:00003458       UxTheme.GetCurrentThemeName
 0004:0000345C       UxTheme.GetThemeDocumentationProperty
 0004:00003460       UxTheme.DrawThemeParentBackground
 0004:00003464       UxTheme.EnableTheming
 0004:00003468       UxTheme..1
 0004:0000346C       UxTheme.ThemeLibrary
 0004:00003470       UxTheme.ReferenceCount
 0004:00003474       UxTheme.Lock
 0004:00003478       Printers..3
 0004:0000347C       GraphUtil..2
 0004:00003480       ExtCtrls.TCustomTrayIcon.RM_TaskbarCreated
 0004:00003484       ExtCtrls..83
 0004:00003488       Dialogs..11
 0004:0000348C       Dialogs.HelpMsg
 0004:00003490       Dialogs.FindMsg
 0004:00003494       Dialogs.ButtonWidths
 0004:000034C0       Clipbrd.CF_PICTURE
 0004:000034C2       Clipbrd.CF_COMPONENT
 0004:000034C4       Clipbrd..2
 0004:000034C8       Clipbrd.FClipboard
 0004:000034CC       FlatSB.FlatSB_EnableScrollBar
 0004:000034D0       FlatSB.FlatSB_ShowScrollBar
 0004:000034D4       FlatSB.FlatSB_GetScrollRange
 0004:000034D8       FlatSB.FlatSB_GetScrollInfo
 0004:000034DC       FlatSB.FlatSB_GetScrollPos
 0004:000034E0       FlatSB.FlatSB_SetScrollPos
 0004:000034E4       FlatSB.FlatSB_SetScrollInfo
 0004:000034E8       FlatSB.FlatSB_SetScrollRange
 0004:000034EC       FlatSB..1
 0004:000034F0       FlatSB._FlatSB_GetScrollProp
 0004:000034F4       FlatSB._FlatSB_SetScrollProp
 0004:000034F8       FlatSB._InitializeFlatSB
 0004:000034FC       FlatSB._UninitializeFlatSB
 0004:00003500       Themes..2
 0004:00003504       Themes.InternalServices
 0004:00003508       Menus.PopupList
 0004:0000350C       Menus.ShortCutItems
 0004:00003510       Menus..01
 0004:00003514       Menus.CommandPool
 0004:00003518       Controls.Mouse
 0004:0000351C       Controls.IsVCLControlHook
 0004:00003524       Controls.NewStyleControls
 0004:00003528       Controls..33
 0004:0000352C       Controls.WindowAtom
 0004:0000352E       Controls.ControlAtom
 0004:00003530       Controls.WindowAtomString
 0004:00003534       Controls.ControlAtomString
 0004:00003538       Controls.RM_GetObjectInstance
 0004:0000353C       Controls.DragControl
 0004:00003540       Controls.DragObject
 0004:00003544       Controls.DragInternalObject
 0004:00003548       Controls.DragCapture
 0004:0000354C       Controls.DragStartPos
 0004:00003554       Controls.DragSaveCursor
 0004:00003558       Controls.DragThreshold
 0004:0000355C       Controls.ActiveDrag
 0004:00003560       Controls.DragImageList
 0004:00003564       Controls.DockSiteList
 0004:00003568       Controls.QualifyingSites
 0004:0000356C       Controls.DragSave
 0004:00003570       Controls.CanvasList
 0004:00003574       Controls._WINNLSEnableIME
 0004:00003578       Controls._ImmGetContext
 0004:0000357C       Controls._ImmReleaseContext
 0004:00003580       Controls._ImmGetConversionStatus
 0004:00003584       Controls._ImmSetConversionStatus
 0004:00003588       Controls._ImmSetOpenStatus
 0004:0000358C       Controls._ImmSetCompositionWindow
 0004:00003590       Controls._ImmSetCompositionFont
 0004:00003594       Controls._ImmGetCompositionString
 0004:00003598       Controls._ImmIsIME
 0004:0000359C       Controls._ImmNotifyIME
 0004:000035A0       ImgList.CachedComCtrlVer
 0004:000035A4       ImgList.ImageListWriteExProc
 0004:000035A8       ActnList..9
 0004:000035AC       Forms.Application
 0004:000035B0       Forms.Screen
 0004:000035B4       Forms..41
 0004:000035B8       Forms.RM_TaskbarCreated
 0004:000035BC       Forms.HintThreadID
 0004:000035C0       Forms.HintDoneEvent
 0004:000035C4       Forms.HintHook
 0004:000035C8       Forms.HintThread
 0004:000035CC       Forms.IdleTimerHandle
 0004:000035D0       WideStrings..4
 0004:000035D4       WideStrings.CharNextW
 0004:000035D8       SqlTimSt..1
 0004:000035DC       FMTBcd..3
 0004:000035E0       ComObj..41
 0004:000035E4       ComObj.OleUninitializing
 0004:000035E8       ComObj.ComClassManagerVar
 0004:000035EC       ComObj.SaveInitProc
 0004:000035F0       ComObj.NeedToUninitialize
 0004:000035F4       DB.DBScreen
 0004:000035F8       DB.DBApplication
 0004:000035FC       DB..66
 0004:00003600       DSIntf..2
 0004:00003604       DSIntf.Loading
 0004:0000361C       DSIntf.DllGetClassObject
 0004:00003620       DBClient..31
 0004:00003624       Provider.InformixLob
 0004:00003628       Provider..41
 0004:0000362C       msxmldom.MSXML_DOM
 0004:00003630       msxmldom..12
 0004:00003634       xmldom.DefaultDOMVendor
 0004:00003638       xmldom.DOMVendors
 0004:0000363C       xmldom..5
 0004:00003640       XMLIntf..3
 0004:00003644       XMLSchemaTags..3
 0004:00003648       XMLSchema.TranslatorList
 0004:0000364C       XMLSchema..15
 0004:00003650       XMLDoc..5
 0004:00003654       ObjectDB..7
 0004:00003658       ObjectDB.Error
 0004:0000365C       ObjectDB.ErrStr
 0004:00003660       ObjectDB.BerkeleyDBList
 0004:00003664       BerkeleyDB..2
 0004:00003668       BerkeleyDB.ErrStr
 0004:0000366C       Unit1.Form1
 0005:00000000       System.RaiseListPtr
 0005:00000004       System.InOutRes
 0005:00000008       Classes.GlobalLoaded
 0005:0000000C       Classes.GlobalLists
 0005:00000010       GraphUtil.CachedHighlightLum
 0005:00000014       GraphUtil.CachedHighlightColor
 0005:00000018       GraphUtil.CachedHighlight
 0005:0000001C       GraphUtil.CachedShadowLum
 0005:00000020       GraphUtil.CachedShadowColor
 0005:00000024       GraphUtil.CachedShadow
 0005:00000028       GraphUtil.CachedColorValue
 0005:0000002C       GraphUtil.CachedLumValue
 0005:00000030       GraphUtil.CachedColorAdjustLuma
 0005:00000034       SysInit.TlsLast


Line numbers for BerkeleyDBconst(BerkeleyDBconst.pas) segment .text

   730 0001:00000000

Line numbers for BerkeleyOs(BerkeleyOs.pas) segment .text

    95 0001:00000000

Line numbers for BerkeleyDLL(BerkeleyDLL.pas) segment .text

   845 0001:000A3E4C   846 0001:000A3E54   847 0001:000A3E5C  1017 0001:000A3E62

Line numbers for ObjectDB(ObjectDB.pas) segment .text

   284 0001:000ACFAC   285 0001:000ACFB3   288 0001:000ACFB4   289 0001:000ACFCD
   290 0001:000ACFD2   291 0001:000ACFD8   293 0001:000ACFDC   294 0001:000ACFEF
   296 0001:000AD030   299 0001:000AD078   300 0001:000AD084   301 0001:000AD092
   302 0001:000AD094   303 0001:000AD097   304 0001:000AD09A   305 0001:000AD0A0
   306 0001:000AD0A2   347 0001:000AD0AC   348 0001:000AD0BE   349 0001:000AD0C7
   351 0001:000AD0CC   352 0001:000AD0DB   355 0001:000AD0F8   356 0001:000AD103
   357 0001:000AD10A   358 0001:000AD112   359 0001:000AD11E   366 0001:000AD12C
   367 0001:000AD136   370 0001:000AD13D   379 0001:000AD153   380 0001:000AD161
   382 0001:000AD190   383 0001:000AD198   387 0001:000AD1A7   388 0001:000AD1B0
   389 0001:000AD1BE   391 0001:000AD1EE   392 0001:000AD1F6   396 0001:000AD205
   397 0001:000AD20E   398 0001:000AD21C   400 0001:000AD24C   401 0001:000AD254
   405 0001:000AD263   406 0001:000AD26C   407 0001:000AD27A   409 0001:000AD2AA
   410 0001:000AD2B2   413 0001:000AD2C1   414 0001:000AD2C6   415 0001:000AD2D5
   416 0001:000AD2E4   417 0001:000AD2F3   418 0001:000AD302   419 0001:000AD311
   420 0001:000AD320   421 0001:000AD32F   422 0001:000AD33E   423 0001:000AD34D
   424 0001:000AD35C   425 0001:000AD36B   426 0001:000AD377   427 0001:000AD383
   428 0001:000AD392   431 0001:000AD3A1   432 0001:000AD3AF   434 0001:000AD3E8
   435 0001:000AD3F0   437 0001:000AD3FC   438 0001:000AD403   441 0001:000AD40C
   442 0001:000AD40F   443 0001:000AD416   444 0001:000AD422   445 0001:000AD427
   449 0001:000AD42C   450 0001:000AD430   452 0001:000AD436   453 0001:000AD43B
   463 0001:000AD43C   464 0001:000AD44E   465 0001:000AD457   466 0001:000AD45C
   467 0001:000AD471   468 0001:000AD478   469 0001:000AD482   470 0001:000AD48C
   471 0001:000AD496   474 0001:000AD4B0   475 0001:000AD4BB   476 0001:000AD4C2
   477 0001:000AD4CE   480 0001:000AD4DC   481 0001:000AD4E0   482 0001:000AD4EA
   484 0001:000AD503   485 0001:000AD518   486 0001:000AD51E   491 0001:000AD524
   492 0001:000AD545   493 0001:000AD553   494 0001:000AD564   495 0001:000AD56A
   496 0001:000AD57D   498 0001:000AD5C4   499 0001:000AD5CC   501 0001:000AD5D6
   504 0001:000AD608   505 0001:000AD60F   506 0001:000AD622   511 0001:000AD628
   512 0001:000AD630   513 0001:000AD633   514 0001:000AD646   515 0001:000AD64C
   537 0001:000AD654   538 0001:000AD658   539 0001:000AD65F   540 0001:000AD670
   541 0001:000AD675   551 0001:000AD678   553 0001:000AD67C   554 0001:000AD682
   555 0001:000AD6A1   556 0001:000AD6AB   557 0001:000AD6B5   558 0001:000AD6BF
   561 0001:000AD6C4   563 0001:000AD6C8   564 0001:000AD6CF   565 0001:000AD6DC
   566 0001:000AD6E1   567 0001:000AD6EB   568 0001:000AD6F5   569 0001:000AD6FF
   599 0001:000AD704   600 0001:000AD709   602 0001:000AD723   605 0001:000AD72C
   606 0001:000AD731   607 0001:000AD744   610 0001:000AD74C   611 0001:000AD751
   612 0001:000AD76B   615 0001:000AD774   616 0001:000AD779   617 0001:000AD78C
   621 0001:000AD794   622 0001:000AD7A2   625 0001:000AD7A4   626 0001:000AD7A5
   627 0001:000AD7BB   641 0001:000AD7C0   642 0001:000AD7C1   643 0001:000AD7D5
   645 0001:000AD7DB   654 0001:000AD7E0   655 0001:000AD7F7   656 0001:000AD800
   657 0001:000AD813   658 0001:000AD816   659 0001:000AD827   660 0001:000AD838
   661 0001:000AD83F   662 0001:000AD84A   663 0001:000AD84F   664 0001:000AD854
   668 0001:000AD878   669 0001:000AD883   670 0001:000AD88A   671 0001:000AD892
   672 0001:000AD89A   673 0001:000AD8A2   674 0001:000AD8AE   682 0001:000AD8BC
   683 0001:000AD8BF   685 0001:000AD8C3   686 0001:000AD8CF   688 0001:000AD8E5
   689 0001:000AD8EB   691 0001:000AD901   692 0001:000AD90E   694 0001:000AD924
   695 0001:000AD932   696 0001:000AD93B   698 0001:000AD942   699 0001:000AD948
   704 0001:000AD955   705 0001:000AD957   706 0001:000AD962   707 0001:000AD96B
   708 0001:000AD976   709 0001:000AD97F   710 0001:000AD98A   711 0001:000AD993
   712 0001:000AD99C   713 0001:000AD9A7   715 0001:000AD9B0   716 0001:000AD9BA
   718 0001:000AD9BE   719 0001:000AD9CE   723 0001:000ADA30   724 0001:000ADA34
   725 0001:000ADA3B   726 0001:000ADA42   738 0001:000ADA44   739 0001:000ADA49
   741 0001:000ADA4F   743 0001:000ADA55   744 0001:000ADA5F   747 0001:000ADA61
   749 0001:000ADA6A   750 0001:000ADA74   753 0001:000ADA76   754 0001:000ADA7E
   782 0001:000ADAD8   783 0001:000ADADC   785 0001:000ADAE2   786 0001:000ADAE7
   838 0001:000ADAE8   839 0001:000ADAF1   840 0001:000ADAFB   841 0001:000ADB0B
   842 0001:000ADB1E   849 0001:000ADB28   850 0001:000ADB3B   853 0001:000ADB9B
   855 0001:000ADBA5   857 0001:000ADBAD   858 0001:000ADBBC   859 0001:000ADBCC
   864 0001:000ADBDC   919 0001:000ADBE8   920 0001:000ADBF0  1249 0001:000ADBF4
  1251 0001:000ADC17

Line numbers for ObjectDB(ObjectDB.pas) segment .itext

  1243 0002:000008C4  1244 0002:000008DE  1246 0002:000008E8  1248 0002:000008FB

Line numbers for dbconst(dbconst.pas) segment .text

   745 0001:00000000

Line numbers for BerkeleyDB(BerkeleyDB.pas) segment .itext

   199 0002:00000914

Line numbers for Unit1(Unit1.pas) segment .text

    52 0001:000ADF70    54 0001:000ADF86    56 0001:000ADFA1    59 0001:000ADFC4
    61 0001:000ADFDE    63 0001:000ADFE9    65 0001:000AE019    67 0001:000AE024
    68 0001:000AE049    70 0001:000AE050    74 0001:000AE090    76 0001:000AE09B
    83 0001:000AE09C    85 0001:000AE0BE    86 0001:000AE0CC    89 0001:000AE0D1
    90 0001:000AE0EB    91 0001:000AE0F5    92 0001:000AE133    86 0001:000AE134
    97 0001:000AE14B    99 0001:000AE150   106 0001:000AE188   107 0001:000AE1A9
   108 0001:000AE1B7   110 0001:000AE1BC   111 0001:000AE1D6   112 0001:000AE1E5
   113 0001:000AE210   114 0001:000AE229   115 0001:000AE230   116 0001:000AE23D
   117 0001:000AE24B   119 0001:000AE252   108 0001:000AE253   121 0001:000AE26E
   123 0001:000AE273   130 0001:000AE2AC   131 0001:000AE2D7   132 0001:000AE2E5
   133 0001:000AE2F3   134 0001:000AE311   135 0001:000AE33C   136 0001:000AE357
   137 0001:000AE35F   140 0001:000AE366   141 0001:000AE374   142 0001:000AE39F
   143 0001:000AE3BA   144 0001:000AE3C2   138 0001:000AE3C5   148 0001:000AE3D4
   149 0001:000AE3D9   150 0001:000AE3F5   151 0001:000AE3FD   158 0001:000AE43C
   159 0001:000AE460   160 0001:000AE46E   162 0001:000AE473   163 0001:000AE481
   164 0001:000AE484   165 0001:000AE49C   166 0001:000AE4B4   167 0001:000AE4BB
   168 0001:000AE4D3   169 0001:000AE4DA   160 0001:000AE4DB   172 0001:000AE4F2
   173 0001:000AE4F7   180 0001:000AE520   186 0001:000AE546   187 0001:000AE555
   189 0001:000AE566   190 0001:000AE596   193 0001:000AE5C6   196 0001:000AE604
   199 0001:000AE634   211 0001:000AE672   213 0001:000AE712

Line numbers for os(OS.pas) segment .text

    95 0001:00000000

Line numbers for BerkeleyLib(BerkeleyLib.pas) segment .text

   895 0001:00000000

Line numbers for Project1(D:\Berkeley DB\build_win32\Project1.dpr) segment .itext

    19 0002:0000091C    22 0002:0000092C    23 0002:00000938    24 0002:00000950
    25 0002:0000095C

Bound resource files

c:\program files\borland\bds\4.0\lib\Controls.res
ObjectDB.RES
Unit1.dfm
Project1.res
Project1.drf


Program entry point at 0002:0000091C
